../Drivers/ioLibrary_Driver/Ethernet/W5300/w5300.c:57:10:WIZCHIP_WRITE	0	static
../Drivers/ioLibrary_Driver/Ethernet/W5300/w5300.c:95:10:WIZCHIP_READ	0	static
../Drivers/ioLibrary_Driver/Ethernet/W5300/w5300.c:136:6:setTMSR	0	static
../Drivers/ioLibrary_Driver/Ethernet/W5300/w5300.c:145:9:getTMSR	0	static
../Drivers/ioLibrary_Driver/Ethernet/W5300/w5300.c:152:6:setRMSR	0	static
../Drivers/ioLibrary_Driver/Ethernet/W5300/w5300.c:161:9:getRMSR	0	static
../Drivers/ioLibrary_Driver/Ethernet/W5300/w5300.c:168:10:getSn_TX_FSR	0	static
../Drivers/ioLibrary_Driver/Ethernet/W5300/w5300.c:182:10:getSn_RX_RSR	4	static
../Drivers/ioLibrary_Driver/Ethernet/W5300/w5300.c:197:6:wiz_send_data	8	static
../Drivers/ioLibrary_Driver/Ethernet/W5300/w5300.c:206:6:wiz_recv_data	8	static
../Drivers/ioLibrary_Driver/Ethernet/W5300/w5300.c:225:6:wiz_recv_ignore	0	static
