../Drivers/ioLibrary_Driver/Ethernet/wizchip_conf.c:67:9:wizchip_cris_enter	0	static
../Drivers/ioLibrary_Driver/Ethernet/wizchip_conf.c:100:10:wizchip_bus_readdata	0	static
../Drivers/ioLibrary_Driver/Ethernet/wizchip_conf.c:109:7:wizchip_bus_writedata	0	static
../Drivers/ioLibrary_Driver/Ethernet/wizchip_conf.c:117:9:wizchip_spi_readbyte	0	static
../Drivers/ioLibrary_Driver/Ethernet/wizchip_conf.c:125:7:wizchip_spi_writebyte	0	static
../Drivers/ioLibrary_Driver/Ethernet/wizchip_conf.c:133:7:wizchip_spi_readburst	0	static
../Drivers/ioLibrary_Driver/Ethernet/wizchip_conf.c:141:7:wizchip_spi_writeburst	0	static
../Drivers/ioLibrary_Driver/Ethernet/wizchip_conf.c:75:9:wizchip_cris_exit	0	static
../Drivers/ioLibrary_Driver/Ethernet/wizchip_conf.c:83:7:wizchip_cs_select	0	static
../Drivers/ioLibrary_Driver/Ethernet/wizchip_conf.c:91:7:wizchip_cs_deselect	0	static
../Drivers/ioLibrary_Driver/Ethernet/wizchip_conf.c:193:6:reg_wizchip_cris_cbfunc	0	static
../Drivers/ioLibrary_Driver/Ethernet/wizchip_conf.c:207:6:reg_wizchip_cs_cbfunc	0	static
../Drivers/ioLibrary_Driver/Ethernet/wizchip_conf.c:223:6:reg_wizchip_bus_cbfunc	0	static
../Drivers/ioLibrary_Driver/Ethernet/wizchip_conf.c:251:6:reg_wizchip_spi_cbfunc	0	static
../Drivers/ioLibrary_Driver/Ethernet/wizchip_conf.c:268:6:reg_wizchip_spiburst_cbfunc	0	static
../Drivers/ioLibrary_Driver/Ethernet/wizchip_conf.c:395:6:wizchip_sw_reset	88	static
../Drivers/ioLibrary_Driver/Ethernet/wizchip_conf.c:284:8:ctlwizchip	8	static
../Drivers/ioLibrary_Driver/Ethernet/wizchip_conf.c:420:8:wizchip_init	16	static
../Drivers/ioLibrary_Driver/Ethernet/wizchip_conf.c:502:6:wizchip_clrinterrupt	0	static
../Drivers/ioLibrary_Driver/Ethernet/wizchip_conf.c:534:11:wizchip_getinterrupt	8	static
../Drivers/ioLibrary_Driver/Ethernet/wizchip_conf.c:565:6:wizchip_setinterruptmask	0	static
../Drivers/ioLibrary_Driver/Ethernet/wizchip_conf.c:589:11:wizchip_getinterruptmask	8	static
../Drivers/ioLibrary_Driver/Ethernet/wizchip_conf.c:618:8:wizphy_getphylink	0	static
../Drivers/ioLibrary_Driver/Ethernet/wizchip_conf.c:639:8:wizphy_getphypmode	0	static
../Drivers/ioLibrary_Driver/Ethernet/wizchip_conf.c:854:6:wizchip_setnetinfo	16	static
../Drivers/ioLibrary_Driver/Ethernet/wizchip_conf.c:868:6:wizchip_getnetinfo	16	static
../Drivers/ioLibrary_Driver/Ethernet/wizchip_conf.c:367:8:ctlnetwork	16	static
../Drivers/ioLibrary_Driver/Ethernet/wizchip_conf.c:881:8:wizchip_setnetmode	16	static
../Drivers/ioLibrary_Driver/Ethernet/wizchip_conf.c:895:14:wizchip_getnetmode	8	static
../Drivers/ioLibrary_Driver/Ethernet/wizchip_conf.c:900:6:wizchip_settimeout	16	static
../Drivers/ioLibrary_Driver/Ethernet/wizchip_conf.c:906:6:wizchip_gettimeout	16	static
