../Core/Src/main.c:99:5:_write	32	static
../Core/Src/main.c:108:6:HAL_UART_RxCpltCallback	16	static
../Core/Src/main.c:121:6:Reset_W5300	8	static
../Core/Src/main.c:139:6:W5300_write	24	static
../Core/Src/main.c:144:10:W5300_read	16	static
../Core/Src/main.c:148:6:W5300CsEnable	4	static
../Core/Src/main.c:152:6:W5300CsDisable	4	static
../Core/Src/main.c:156:6:print_network_information	32	static
../Core/Src/main.c:172:6:_InitW5300	24	static
../Core/Src/main.c:206:5:main	8	static
../Core/Src/main.c:255:6:SystemClock_Config	96	static
../Core/Src/main.c:306:13:MX_LPUART1_UART_Init	8	static
../Core/Src/main.c:336:13:MX_FMC_Init	40	static
../Core/Src/main.c:429:13:MX_GPIO_Init	64	static
../Core/Src/main.c:480:6:Error_Handler	4	static,ignoring_inline_asm
