../Drivers/STM32U5xx_HAL_Driver/Src/stm32u5xx_hal_dcache.c:281:13:HAL_DCACHE_MspInit	0	static
../Drivers/STM32U5xx_HAL_Driver/Src/stm32u5xx_hal_dcache.c:913:13:HAL_DCACHE_ErrorCallback	0	static
../Drivers/STM32U5xx_HAL_Driver/Src/stm32u5xx_hal_dcache.c:297:13:HAL_DCACHE_MspDeInit	0	static
../Drivers/STM32U5xx_HAL_Driver/Src/stm32u5xx_hal_dcache.c:849:13:HAL_DCACHE_CleanByAddrCallback	0	static
../Drivers/STM32U5xx_HAL_Driver/Src/stm32u5xx_hal_dcache.c:865:13:HAL_DCACHE_InvalidateByAddrCallback	0	static
../Drivers/STM32U5xx_HAL_Driver/Src/stm32u5xx_hal_dcache.c:881:13:HAL_DCACHE_CleanAndInvalidateByAddrCallback	0	static
../Drivers/STM32U5xx_HAL_Driver/Src/stm32u5xx_hal_dcache.c:897:13:HAL_DCACHE_InvalidateCompleteCallback	0	static
../Drivers/STM32U5xx_HAL_Driver/Src/stm32u5xx_hal_dcache.c:180:20:HAL_DCACHE_Init	8	static
../Drivers/STM32U5xx_HAL_Driver/Src/stm32u5xx_hal_dcache.c:233:19:HAL_DCACHE_DeInit	16	static
../Drivers/STM32U5xx_HAL_Driver/Src/stm32u5xx_hal_dcache.c:336:19:HAL_DCACHE_Enable	0	static
../Drivers/STM32U5xx_HAL_Driver/Src/stm32u5xx_hal_dcache.c:373:19:HAL_DCACHE_Disable	16	static
../Drivers/STM32U5xx_HAL_Driver/Src/stm32u5xx_hal_dcache.c:432:10:HAL_DCACHE_IsEnabled	0	static
../Drivers/STM32U5xx_HAL_Driver/Src/stm32u5xx_hal_dcache.c:445:19:HAL_DCACHE_SetReadBurstType	4	static
../Drivers/STM32U5xx_HAL_Driver/Src/stm32u5xx_hal_dcache.c:484:19:HAL_DCACHE_Invalidate	16	static
../Drivers/STM32U5xx_HAL_Driver/Src/stm32u5xx_hal_dcache.c:557:19:HAL_DCACHE_InvalidateByAddr	16	static
../Drivers/STM32U5xx_HAL_Driver/Src/stm32u5xx_hal_dcache.c:586:19:HAL_DCACHE_CleanByAddr	16	static
../Drivers/STM32U5xx_HAL_Driver/Src/stm32u5xx_hal_dcache.c:614:19:HAL_DCACHE_CleanInvalidByAddr	16	static
../Drivers/STM32U5xx_HAL_Driver/Src/stm32u5xx_hal_dcache.c:643:19:HAL_DCACHE_Invalidate_IT	4	static
../Drivers/STM32U5xx_HAL_Driver/Src/stm32u5xx_hal_dcache.c:697:19:HAL_DCACHE_InvalidateByAddr_IT	4	static
../Drivers/STM32U5xx_HAL_Driver/Src/stm32u5xx_hal_dcache.c:728:19:HAL_DCACHE_CleanByAddr_IT	4	static
../Drivers/STM32U5xx_HAL_Driver/Src/stm32u5xx_hal_dcache.c:759:19:HAL_DCACHE_CleanInvalidByAddr_IT	4	static
../Drivers/STM32U5xx_HAL_Driver/Src/stm32u5xx_hal_dcache.c:786:6:HAL_DCACHE_IRQHandler	16	static
../Drivers/STM32U5xx_HAL_Driver/Src/stm32u5xx_hal_dcache.c:948:25:HAL_DCACHE_GetState	0	static
../Drivers/STM32U5xx_HAL_Driver/Src/stm32u5xx_hal_dcache.c:964:10:HAL_DCACHE_GetError	0	static
../Drivers/STM32U5xx_HAL_Driver/Src/stm32u5xx_hal_dcache.c:1003:19:HAL_DCACHE_RegisterCallback	0	static
../Drivers/STM32U5xx_HAL_Driver/Src/stm32u5xx_hal_dcache.c:1107:19:HAL_DCACHE_UnRegisterCallback	0	static
../Drivers/STM32U5xx_HAL_Driver/Src/stm32u5xx_hal_dcache.c:1207:19:HAL_DCACHE_Monitor_Start	0	static
../Drivers/STM32U5xx_HAL_Driver/Src/stm32u5xx_hal_dcache.c:1238:19:HAL_DCACHE_Monitor_Stop	0	static
../Drivers/STM32U5xx_HAL_Driver/Src/stm32u5xx_hal_dcache.c:1268:19:HAL_DCACHE_Monitor_Reset	0	static
../Drivers/STM32U5xx_HAL_Driver/Src/stm32u5xx_hal_dcache.c:1294:10:HAL_DCACHE_Monitor_GetReadHitValue	0	static
../Drivers/STM32U5xx_HAL_Driver/Src/stm32u5xx_hal_dcache.c:1310:10:HAL_DCACHE_Monitor_GetReadMissValue	0	static
../Drivers/STM32U5xx_HAL_Driver/Src/stm32u5xx_hal_dcache.c:1326:10:HAL_DCACHE_Monitor_GetWriteHitValue	0	static
../Drivers/STM32U5xx_HAL_Driver/Src/stm32u5xx_hal_dcache.c:1342:10:HAL_DCACHE_Monitor_GetWriteMissValue	0	static
