../Core/Src/main.c:108:5:_write	24	static
../Core/Src/main.c:117:6:HAL_UART_RxCpltCallback	8	static
../Core/Src/main.c:131:6:Reset_W5300	8	static
../Core/Src/main.c:149:6:W5300_write	0	static
../Core/Src/main.c:154:10:W5300_read	0	static
../Core/Src/main.c:158:6:W5300CsEnable	0	static
../Core/Src/main.c:162:6:W5300CsDisable	0	static
../Core/Src/main.c:166:6:print_network_information	48	static
../Core/Src/main.c:182:6:_InitW5300	8	static
../Core/Src/main.c:279:6:SystemClock_Config	136	static,ignoring_inline_asm
../Core/Src/main.c:223:5:main	88	static,ignoring_inline_asm
../Core/Src/main.c:737:6:Error_Handler	0	static,ignoring_inline_asm
