16:54:24 **** Incremental Build of configuration Debug for project W5300_BUS_Test ****
make -j16 all 
arm-none-eabi-gcc "../Drivers/ioLibrary_Driver/Ethernet/W5500/w5500.c" -mcpu=cortex-m33 -std=gnu11 -g3 -DDEBUG -DUSE_FULL_LL_DRIVER -DUSE_HAL_DRIVER -DSTM32U575xx -c -I"D:/wiznet/Workspace_Code/14_W5300/multi_W5300_bus_loopback/W5300_BUS_Test/Core/Inc" -I"D:/wiznet/Workspace_Code/14_W5300/multi_W5300_bus_loopback/W5300_BUS_Test/Drivers/STM32U5xx_HAL_Driver/Inc" -I"D:/wiznet/Workspace_Code/14_W5300/multi_W5300_bus_loopback/W5300_BUS_Test/Drivers/STM32U5xx_HAL_Driver/Inc/Legacy" -I"D:/wiznet/Workspace_Code/14_W5300/multi_W5300_bus_loopback/W5300_BUS_Test/Drivers/CMSIS/Device/ST/STM32U5xx/Include" -I"D:/wiznet/Workspace_Code/14_W5300/multi_W5300_bus_loopback/W5300_BUS_Test/Drivers/CMSIS/Include" -I"D:/wiznet/Workspace_Code/14_W5300/multi_W5300_bus_loopback/W5300_BUS_Test/Drivers/ioLibrary_Driver/Ethernet" -I"D:/wiznet/Workspace_Code/14_W5300/multi_W5300_bus_loopback/W5300_BUS_Test/Drivers/ioLibrary_Driver/Ethernet/W5300" -I"D:/wiznet/Workspace_Code/14_W5300/multi_W5300_bus_loopback/W5300_BUS_Test/Drivers/ioLibrary_Driver/Application/loopback" -I../Drivers/STM32U5xx_HAL_Driver/Inc -I../Drivers/STM32U5xx_HAL_Driver/Inc/Legacy -I../Drivers/CMSIS/Device/ST/STM32U5xx/Include -I../Drivers/CMSIS/Include -I../Core/Inc -Ofast -ffunction-sections -fdata-sections -Wall -fstack-usage -MMD -MP -MF"Drivers/ioLibrary_Driver/Ethernet/W5500/w5500.d" -MT"Drivers/ioLibrary_Driver/Ethernet/W5500/w5500.o" --specs=nano.specs -mfpu=fpv5-sp-d16 -mfloat-abi=hard -mthumb -o "Drivers/ioLibrary_Driver/Ethernet/W5500/w5500.o"
arm-none-eabi-gcc "../Drivers/ioLibrary_Driver/Ethernet/W5300/w5300.c" -mcpu=cortex-m33 -std=gnu11 -g3 -DDEBUG -DUSE_FULL_LL_DRIVER -DUSE_HAL_DRIVER -DSTM32U575xx -c -I"D:/wiznet/Workspace_Code/14_W5300/multi_W5300_bus_loopback/W5300_BUS_Test/Core/Inc" -I"D:/wiznet/Workspace_Code/14_W5300/multi_W5300_bus_loopback/W5300_BUS_Test/Drivers/STM32U5xx_HAL_Driver/Inc" -I"D:/wiznet/Workspace_Code/14_W5300/multi_W5300_bus_loopback/W5300_BUS_Test/Drivers/STM32U5xx_HAL_Driver/Inc/Legacy" -I"D:/wiznet/Workspace_Code/14_W5300/multi_W5300_bus_loopback/W5300_BUS_Test/Drivers/CMSIS/Device/ST/STM32U5xx/Include" -I"D:/wiznet/Workspace_Code/14_W5300/multi_W5300_bus_loopback/W5300_BUS_Test/Drivers/CMSIS/Include" -I"D:/wiznet/Workspace_Code/14_W5300/multi_W5300_bus_loopback/W5300_BUS_Test/Drivers/ioLibrary_Driver/Ethernet" -I"D:/wiznet/Workspace_Code/14_W5300/multi_W5300_bus_loopback/W5300_BUS_Test/Drivers/ioLibrary_Driver/Ethernet/W5300" -I"D:/wiznet/Workspace_Code/14_W5300/multi_W5300_bus_loopback/W5300_BUS_Test/Drivers/ioLibrary_Driver/Application/loopback" -I../Drivers/STM32U5xx_HAL_Driver/Inc -I../Drivers/STM32U5xx_HAL_Driver/Inc/Legacy -I../Drivers/CMSIS/Device/ST/STM32U5xx/Include -I../Drivers/CMSIS/Include -I../Core/Inc -Ofast -ffunction-sections -fdata-sections -Wall -fstack-usage -MMD -MP -MF"Drivers/ioLibrary_Driver/Ethernet/W5300/w5300.d" -MT"Drivers/ioLibrary_Driver/Ethernet/W5300/w5300.o" --specs=nano.specs -mfpu=fpv5-sp-d16 -mfloat-abi=hard -mthumb -o "Drivers/ioLibrary_Driver/Ethernet/W5300/w5300.o"
arm-none-eabi-gcc "../Drivers/ioLibrary_Driver/Ethernet/W5200/w5200.c" -mcpu=cortex-m33 -std=gnu11 -g3 -DDEBUG -DUSE_FULL_LL_DRIVER -DUSE_HAL_DRIVER -DSTM32U575xx -c -I"D:/wiznet/Workspace_Code/14_W5300/multi_W5300_bus_loopback/W5300_BUS_Test/Core/Inc" -I"D:/wiznet/Workspace_Code/14_W5300/multi_W5300_bus_loopback/W5300_BUS_Test/Drivers/STM32U5xx_HAL_Driver/Inc" -I"D:/wiznet/Workspace_Code/14_W5300/multi_W5300_bus_loopback/W5300_BUS_Test/Drivers/STM32U5xx_HAL_Driver/Inc/Legacy" -I"D:/wiznet/Workspace_Code/14_W5300/multi_W5300_bus_loopback/W5300_BUS_Test/Drivers/CMSIS/Device/ST/STM32U5xx/Include" -I"D:/wiznet/Workspace_Code/14_W5300/multi_W5300_bus_loopback/W5300_BUS_Test/Drivers/CMSIS/Include" -I"D:/wiznet/Workspace_Code/14_W5300/multi_W5300_bus_loopback/W5300_BUS_Test/Drivers/ioLibrary_Driver/Ethernet" -I"D:/wiznet/Workspace_Code/14_W5300/multi_W5300_bus_loopback/W5300_BUS_Test/Drivers/ioLibrary_Driver/Ethernet/W5300" -I"D:/wiznet/Workspace_Code/14_W5300/multi_W5300_bus_loopback/W5300_BUS_Test/Drivers/ioLibrary_Driver/Application/loopback" -I../Drivers/STM32U5xx_HAL_Driver/Inc -I../Drivers/STM32U5xx_HAL_Driver/Inc/Legacy -I../Drivers/CMSIS/Device/ST/STM32U5xx/Include -I../Drivers/CMSIS/Include -I../Core/Inc -Ofast -ffunction-sections -fdata-sections -Wall -fstack-usage -MMD -MP -MF"Drivers/ioLibrary_Driver/Ethernet/W5200/w5200.d" -MT"Drivers/ioLibrary_Driver/Ethernet/W5200/w5200.o" --specs=nano.specs -mfpu=fpv5-sp-d16 -mfloat-abi=hard -mthumb -o "Drivers/ioLibrary_Driver/Ethernet/W5200/w5200.o"
arm-none-eabi-gcc "../Drivers/ioLibrary_Driver/Ethernet/W5100S/w5100s.c" -mcpu=cortex-m33 -std=gnu11 -g3 -DDEBUG -DUSE_FULL_LL_DRIVER -DUSE_HAL_DRIVER -DSTM32U575xx -c -I"D:/wiznet/Workspace_Code/14_W5300/multi_W5300_bus_loopback/W5300_BUS_Test/Core/Inc" -I"D:/wiznet/Workspace_Code/14_W5300/multi_W5300_bus_loopback/W5300_BUS_Test/Drivers/STM32U5xx_HAL_Driver/Inc" -I"D:/wiznet/Workspace_Code/14_W5300/multi_W5300_bus_loopback/W5300_BUS_Test/Drivers/STM32U5xx_HAL_Driver/Inc/Legacy" -I"D:/wiznet/Workspace_Code/14_W5300/multi_W5300_bus_loopback/W5300_BUS_Test/Drivers/CMSIS/Device/ST/STM32U5xx/Include" -I"D:/wiznet/Workspace_Code/14_W5300/multi_W5300_bus_loopback/W5300_BUS_Test/Drivers/CMSIS/Include" -I"D:/wiznet/Workspace_Code/14_W5300/multi_W5300_bus_loopback/W5300_BUS_Test/Drivers/ioLibrary_Driver/Ethernet" -I"D:/wiznet/Workspace_Code/14_W5300/multi_W5300_bus_loopback/W5300_BUS_Test/Drivers/ioLibrary_Driver/Ethernet/W5300" -I"D:/wiznet/Workspace_Code/14_W5300/multi_W5300_bus_loopback/W5300_BUS_Test/Drivers/ioLibrary_Driver/Application/loopback" -I../Drivers/STM32U5xx_HAL_Driver/Inc -I../Drivers/STM32U5xx_HAL_Driver/Inc/Legacy -I../Drivers/CMSIS/Device/ST/STM32U5xx/Include -I../Drivers/CMSIS/Include -I../Core/Inc -Ofast -ffunction-sections -fdata-sections -Wall -fstack-usage -MMD -MP -MF"Drivers/ioLibrary_Driver/Ethernet/W5100S/w5100s.d" -MT"Drivers/ioLibrary_Driver/Ethernet/W5100S/w5100s.o" --specs=nano.specs -mfpu=fpv5-sp-d16 -mfloat-abi=hard -mthumb -o "Drivers/ioLibrary_Driver/Ethernet/W5100S/w5100s.o"
arm-none-eabi-gcc "../Drivers/ioLibrary_Driver/Ethernet/W5100/w5100.c" -mcpu=cortex-m33 -std=gnu11 -g3 -DDEBUG -DUSE_FULL_LL_DRIVER -DUSE_HAL_DRIVER -DSTM32U575xx -c -I"D:/wiznet/Workspace_Code/14_W5300/multi_W5300_bus_loopback/W5300_BUS_Test/Core/Inc" -I"D:/wiznet/Workspace_Code/14_W5300/multi_W5300_bus_loopback/W5300_BUS_Test/Drivers/STM32U5xx_HAL_Driver/Inc" -I"D:/wiznet/Workspace_Code/14_W5300/multi_W5300_bus_loopback/W5300_BUS_Test/Drivers/STM32U5xx_HAL_Driver/Inc/Legacy" -I"D:/wiznet/Workspace_Code/14_W5300/multi_W5300_bus_loopback/W5300_BUS_Test/Drivers/CMSIS/Device/ST/STM32U5xx/Include" -I"D:/wiznet/Workspace_Code/14_W5300/multi_W5300_bus_loopback/W5300_BUS_Test/Drivers/CMSIS/Include" -I"D:/wiznet/Workspace_Code/14_W5300/multi_W5300_bus_loopback/W5300_BUS_Test/Drivers/ioLibrary_Driver/Ethernet" -I"D:/wiznet/Workspace_Code/14_W5300/multi_W5300_bus_loopback/W5300_BUS_Test/Drivers/ioLibrary_Driver/Ethernet/W5300" -I"D:/wiznet/Workspace_Code/14_W5300/multi_W5300_bus_loopback/W5300_BUS_Test/Drivers/ioLibrary_Driver/Application/loopback" -I../Drivers/STM32U5xx_HAL_Driver/Inc -I../Drivers/STM32U5xx_HAL_Driver/Inc/Legacy -I../Drivers/CMSIS/Device/ST/STM32U5xx/Include -I../Drivers/CMSIS/Include -I../Core/Inc -Ofast -ffunction-sections -fdata-sections -Wall -fstack-usage -MMD -MP -MF"Drivers/ioLibrary_Driver/Ethernet/W5100/w5100.d" -MT"Drivers/ioLibrary_Driver/Ethernet/W5100/w5100.o" --specs=nano.specs -mfpu=fpv5-sp-d16 -mfloat-abi=hard -mthumb -o "Drivers/ioLibrary_Driver/Ethernet/W5100/w5100.o"
arm-none-eabi-gcc "../Drivers/ioLibrary_Driver/Ethernet/socket.c" -mcpu=cortex-m33 -std=gnu11 -g3 -DDEBUG -DUSE_FULL_LL_DRIVER -DUSE_HAL_DRIVER -DSTM32U575xx -c -I"D:/wiznet/Workspace_Code/14_W5300/multi_W5300_bus_loopback/W5300_BUS_Test/Core/Inc" -I"D:/wiznet/Workspace_Code/14_W5300/multi_W5300_bus_loopback/W5300_BUS_Test/Drivers/STM32U5xx_HAL_Driver/Inc" -I"D:/wiznet/Workspace_Code/14_W5300/multi_W5300_bus_loopback/W5300_BUS_Test/Drivers/STM32U5xx_HAL_Driver/Inc/Legacy" -I"D:/wiznet/Workspace_Code/14_W5300/multi_W5300_bus_loopback/W5300_BUS_Test/Drivers/CMSIS/Device/ST/STM32U5xx/Include" -I"D:/wiznet/Workspace_Code/14_W5300/multi_W5300_bus_loopback/W5300_BUS_Test/Drivers/CMSIS/Include" -I"D:/wiznet/Workspace_Code/14_W5300/multi_W5300_bus_loopback/W5300_BUS_Test/Drivers/ioLibrary_Driver/Ethernet" -I"D:/wiznet/Workspace_Code/14_W5300/multi_W5300_bus_loopback/W5300_BUS_Test/Drivers/ioLibrary_Driver/Ethernet/W5300" -I"D:/wiznet/Workspace_Code/14_W5300/multi_W5300_bus_loopback/W5300_BUS_Test/Drivers/ioLibrary_Driver/Application/loopback" -I../Drivers/STM32U5xx_HAL_Driver/Inc -I../Drivers/STM32U5xx_HAL_Driver/Inc/Legacy -I../Drivers/CMSIS/Device/ST/STM32U5xx/Include -I../Drivers/CMSIS/Include -I../Core/Inc -Ofast -ffunction-sections -fdata-sections -Wall -fstack-usage -MMD -MP -MF"Drivers/ioLibrary_Driver/Ethernet/socket.d" -MT"Drivers/ioLibrary_Driver/Ethernet/socket.o" --specs=nano.specs -mfpu=fpv5-sp-d16 -mfloat-abi=hard -mthumb -o "Drivers/ioLibrary_Driver/Ethernet/socket.o"
arm-none-eabi-gcc "../Drivers/ioLibrary_Driver/Ethernet/wizchip_conf.c" -mcpu=cortex-m33 -std=gnu11 -g3 -DDEBUG -DUSE_FULL_LL_DRIVER -DUSE_HAL_DRIVER -DSTM32U575xx -c -I"D:/wiznet/Workspace_Code/14_W5300/multi_W5300_bus_loopback/W5300_BUS_Test/Core/Inc" -I"D:/wiznet/Workspace_Code/14_W5300/multi_W5300_bus_loopback/W5300_BUS_Test/Drivers/STM32U5xx_HAL_Driver/Inc" -I"D:/wiznet/Workspace_Code/14_W5300/multi_W5300_bus_loopback/W5300_BUS_Test/Drivers/STM32U5xx_HAL_Driver/Inc/Legacy" -I"D:/wiznet/Workspace_Code/14_W5300/multi_W5300_bus_loopback/W5300_BUS_Test/Drivers/CMSIS/Device/ST/STM32U5xx/Include" -I"D:/wiznet/Workspace_Code/14_W5300/multi_W5300_bus_loopback/W5300_BUS_Test/Drivers/CMSIS/Include" -I"D:/wiznet/Workspace_Code/14_W5300/multi_W5300_bus_loopback/W5300_BUS_Test/Drivers/ioLibrary_Driver/Ethernet" -I"D:/wiznet/Workspace_Code/14_W5300/multi_W5300_bus_loopback/W5300_BUS_Test/Drivers/ioLibrary_Driver/Ethernet/W5300" -I"D:/wiznet/Workspace_Code/14_W5300/multi_W5300_bus_loopback/W5300_BUS_Test/Drivers/ioLibrary_Driver/Application/loopback" -I../Drivers/STM32U5xx_HAL_Driver/Inc -I../Drivers/STM32U5xx_HAL_Driver/Inc/Legacy -I../Drivers/CMSIS/Device/ST/STM32U5xx/Include -I../Drivers/CMSIS/Include -I../Core/Inc -Ofast -ffunction-sections -fdata-sections -Wall -fstack-usage -MMD -MP -MF"Drivers/ioLibrary_Driver/Ethernet/wizchip_conf.d" -MT"Drivers/ioLibrary_Driver/Ethernet/wizchip_conf.o" --specs=nano.specs -mfpu=fpv5-sp-d16 -mfloat-abi=hard -mthumb -o "Drivers/ioLibrary_Driver/Ethernet/wizchip_conf.o"
arm-none-eabi-gcc "../Drivers/ioLibrary_Driver/Application/loopback/loopback.c" -mcpu=cortex-m33 -std=gnu11 -g3 -DDEBUG -DUSE_FULL_LL_DRIVER -DUSE_HAL_DRIVER -DSTM32U575xx -c -I"D:/wiznet/Workspace_Code/14_W5300/multi_W5300_bus_loopback/W5300_BUS_Test/Core/Inc" -I"D:/wiznet/Workspace_Code/14_W5300/multi_W5300_bus_loopback/W5300_BUS_Test/Drivers/STM32U5xx_HAL_Driver/Inc" -I"D:/wiznet/Workspace_Code/14_W5300/multi_W5300_bus_loopback/W5300_BUS_Test/Drivers/STM32U5xx_HAL_Driver/Inc/Legacy" -I"D:/wiznet/Workspace_Code/14_W5300/multi_W5300_bus_loopback/W5300_BUS_Test/Drivers/CMSIS/Device/ST/STM32U5xx/Include" -I"D:/wiznet/Workspace_Code/14_W5300/multi_W5300_bus_loopback/W5300_BUS_Test/Drivers/CMSIS/Include" -I"D:/wiznet/Workspace_Code/14_W5300/multi_W5300_bus_loopback/W5300_BUS_Test/Drivers/ioLibrary_Driver/Ethernet" -I"D:/wiznet/Workspace_Code/14_W5300/multi_W5300_bus_loopback/W5300_BUS_Test/Drivers/ioLibrary_Driver/Ethernet/W5300" -I"D:/wiznet/Workspace_Code/14_W5300/multi_W5300_bus_loopback/W5300_BUS_Test/Drivers/ioLibrary_Driver/Application/loopback" -I../Drivers/STM32U5xx_HAL_Driver/Inc -I../Drivers/STM32U5xx_HAL_Driver/Inc/Legacy -I../Drivers/CMSIS/Device/ST/STM32U5xx/Include -I../Drivers/CMSIS/Include -I../Core/Inc -Ofast -ffunction-sections -fdata-sections -Wall -fstack-usage -MMD -MP -MF"Drivers/ioLibrary_Driver/Application/loopback/loopback.d" -MT"Drivers/ioLibrary_Driver/Application/loopback/loopback.o" --specs=nano.specs -mfpu=fpv5-sp-d16 -mfloat-abi=hard -mthumb -o "Drivers/ioLibrary_Driver/Application/loopback/loopback.o"
arm-none-eabi-gcc "../Drivers/STM32U5xx_HAL_Driver/Src/stm32u5xx_hal.c" -mcpu=cortex-m33 -std=gnu11 -g3 -DDEBUG -DUSE_FULL_LL_DRIVER -DUSE_HAL_DRIVER -DSTM32U575xx -c -I"D:/wiznet/Workspace_Code/14_W5300/multi_W5300_bus_loopback/W5300_BUS_Test/Core/Inc" -I"D:/wiznet/Workspace_Code/14_W5300/multi_W5300_bus_loopback/W5300_BUS_Test/Drivers/STM32U5xx_HAL_Driver/Inc" -I"D:/wiznet/Workspace_Code/14_W5300/multi_W5300_bus_loopback/W5300_BUS_Test/Drivers/STM32U5xx_HAL_Driver/Inc/Legacy" -I"D:/wiznet/Workspace_Code/14_W5300/multi_W5300_bus_loopback/W5300_BUS_Test/Drivers/CMSIS/Device/ST/STM32U5xx/Include" -I"D:/wiznet/Workspace_Code/14_W5300/multi_W5300_bus_loopback/W5300_BUS_Test/Drivers/CMSIS/Include" -I"D:/wiznet/Workspace_Code/14_W5300/multi_W5300_bus_loopback/W5300_BUS_Test/Drivers/ioLibrary_Driver/Ethernet" -I"D:/wiznet/Workspace_Code/14_W5300/multi_W5300_bus_loopback/W5300_BUS_Test/Drivers/ioLibrary_Driver/Ethernet/W5300" -I"D:/wiznet/Workspace_Code/14_W5300/multi_W5300_bus_loopback/W5300_BUS_Test/Drivers/ioLibrary_Driver/Application/loopback" -I../Drivers/STM32U5xx_HAL_Driver/Inc -I../Drivers/STM32U5xx_HAL_Driver/Inc/Legacy -I../Drivers/CMSIS/Device/ST/STM32U5xx/Include -I../Drivers/CMSIS/Include -I../Core/Inc -Ofast -ffunction-sections -fdata-sections -Wall -fstack-usage -MMD -MP -MF"Drivers/STM32U5xx_HAL_Driver/Src/stm32u5xx_hal.d" -MT"Drivers/STM32U5xx_HAL_Driver/Src/stm32u5xx_hal.o" --specs=nano.specs -mfpu=fpv5-sp-d16 -mfloat-abi=hard -mthumb -o "Drivers/STM32U5xx_HAL_Driver/Src/stm32u5xx_hal.o"
arm-none-eabi-gcc "../Drivers/STM32U5xx_HAL_Driver/Src/stm32u5xx_hal_adc.c" -mcpu=cortex-m33 -std=gnu11 -g3 -DDEBUG -DUSE_FULL_LL_DRIVER -DUSE_HAL_DRIVER -DSTM32U575xx -c -I"D:/wiznet/Workspace_Code/14_W5300/multi_W5300_bus_loopback/W5300_BUS_Test/Core/Inc" -I"D:/wiznet/Workspace_Code/14_W5300/multi_W5300_bus_loopback/W5300_BUS_Test/Drivers/STM32U5xx_HAL_Driver/Inc" -I"D:/wiznet/Workspace_Code/14_W5300/multi_W5300_bus_loopback/W5300_BUS_Test/Drivers/STM32U5xx_HAL_Driver/Inc/Legacy" -I"D:/wiznet/Workspace_Code/14_W5300/multi_W5300_bus_loopback/W5300_BUS_Test/Drivers/CMSIS/Device/ST/STM32U5xx/Include" -I"D:/wiznet/Workspace_Code/14_W5300/multi_W5300_bus_loopback/W5300_BUS_Test/Drivers/CMSIS/Include" -I"D:/wiznet/Workspace_Code/14_W5300/multi_W5300_bus_loopback/W5300_BUS_Test/Drivers/ioLibrary_Driver/Ethernet" -I"D:/wiznet/Workspace_Code/14_W5300/multi_W5300_bus_loopback/W5300_BUS_Test/Drivers/ioLibrary_Driver/Ethernet/W5300" -I"D:/wiznet/Workspace_Code/14_W5300/multi_W5300_bus_loopback/W5300_BUS_Test/Drivers/ioLibrary_Driver/Application/loopback" -I../Drivers/STM32U5xx_HAL_Driver/Inc -I../Drivers/STM32U5xx_HAL_Driver/Inc/Legacy -I../Drivers/CMSIS/Device/ST/STM32U5xx/Include -I../Drivers/CMSIS/Include -I../Core/Inc -Ofast -ffunction-sections -fdata-sections -Wall -fstack-usage -MMD -MP -MF"Drivers/STM32U5xx_HAL_Driver/Src/stm32u5xx_hal_adc.d" -MT"Drivers/STM32U5xx_HAL_Driver/Src/stm32u5xx_hal_adc.o" --specs=nano.specs -mfpu=fpv5-sp-d16 -mfloat-abi=hard -mthumb -o "Drivers/STM32U5xx_HAL_Driver/Src/stm32u5xx_hal_adc.o"
arm-none-eabi-gcc "../Drivers/STM32U5xx_HAL_Driver/Src/stm32u5xx_hal_adc_ex.c" -mcpu=cortex-m33 -std=gnu11 -g3 -DDEBUG -DUSE_FULL_LL_DRIVER -DUSE_HAL_DRIVER -DSTM32U575xx -c -I"D:/wiznet/Workspace_Code/14_W5300/multi_W5300_bus_loopback/W5300_BUS_Test/Core/Inc" -I"D:/wiznet/Workspace_Code/14_W5300/multi_W5300_bus_loopback/W5300_BUS_Test/Drivers/STM32U5xx_HAL_Driver/Inc" -I"D:/wiznet/Workspace_Code/14_W5300/multi_W5300_bus_loopback/W5300_BUS_Test/Drivers/STM32U5xx_HAL_Driver/Inc/Legacy" -I"D:/wiznet/Workspace_Code/14_W5300/multi_W5300_bus_loopback/W5300_BUS_Test/Drivers/CMSIS/Device/ST/STM32U5xx/Include" -I"D:/wiznet/Workspace_Code/14_W5300/multi_W5300_bus_loopback/W5300_BUS_Test/Drivers/CMSIS/Include" -I"D:/wiznet/Workspace_Code/14_W5300/multi_W5300_bus_loopback/W5300_BUS_Test/Drivers/ioLibrary_Driver/Ethernet" -I"D:/wiznet/Workspace_Code/14_W5300/multi_W5300_bus_loopback/W5300_BUS_Test/Drivers/ioLibrary_Driver/Ethernet/W5300" -I"D:/wiznet/Workspace_Code/14_W5300/multi_W5300_bus_loopback/W5300_BUS_Test/Drivers/ioLibrary_Driver/Application/loopback" -I../Drivers/STM32U5xx_HAL_Driver/Inc -I../Drivers/STM32U5xx_HAL_Driver/Inc/Legacy -I../Drivers/CMSIS/Device/ST/STM32U5xx/Include -I../Drivers/CMSIS/Include -I../Core/Inc -Ofast -ffunction-sections -fdata-sections -Wall -fstack-usage -MMD -MP -MF"Drivers/STM32U5xx_HAL_Driver/Src/stm32u5xx_hal_adc_ex.d" -MT"Drivers/STM32U5xx_HAL_Driver/Src/stm32u5xx_hal_adc_ex.o" --specs=nano.specs -mfpu=fpv5-sp-d16 -mfloat-abi=hard -mthumb -o "Drivers/STM32U5xx_HAL_Driver/Src/stm32u5xx_hal_adc_ex.o"
arm-none-eabi-gcc "../Drivers/STM32U5xx_HAL_Driver/Src/stm32u5xx_hal_cortex.c" -mcpu=cortex-m33 -std=gnu11 -g3 -DDEBUG -DUSE_FULL_LL_DRIVER -DUSE_HAL_DRIVER -DSTM32U575xx -c -I"D:/wiznet/Workspace_Code/14_W5300/multi_W5300_bus_loopback/W5300_BUS_Test/Core/Inc" -I"D:/wiznet/Workspace_Code/14_W5300/multi_W5300_bus_loopback/W5300_BUS_Test/Drivers/STM32U5xx_HAL_Driver/Inc" -I"D:/wiznet/Workspace_Code/14_W5300/multi_W5300_bus_loopback/W5300_BUS_Test/Drivers/STM32U5xx_HAL_Driver/Inc/Legacy" -I"D:/wiznet/Workspace_Code/14_W5300/multi_W5300_bus_loopback/W5300_BUS_Test/Drivers/CMSIS/Device/ST/STM32U5xx/Include" -I"D:/wiznet/Workspace_Code/14_W5300/multi_W5300_bus_loopback/W5300_BUS_Test/Drivers/CMSIS/Include" -I"D:/wiznet/Workspace_Code/14_W5300/multi_W5300_bus_loopback/W5300_BUS_Test/Drivers/ioLibrary_Driver/Ethernet" -I"D:/wiznet/Workspace_Code/14_W5300/multi_W5300_bus_loopback/W5300_BUS_Test/Drivers/ioLibrary_Driver/Ethernet/W5300" -I"D:/wiznet/Workspace_Code/14_W5300/multi_W5300_bus_loopback/W5300_BUS_Test/Drivers/ioLibrary_Driver/Application/loopback" -I../Drivers/STM32U5xx_HAL_Driver/Inc -I../Drivers/STM32U5xx_HAL_Driver/Inc/Legacy -I../Drivers/CMSIS/Device/ST/STM32U5xx/Include -I../Drivers/CMSIS/Include -I../Core/Inc -Ofast -ffunction-sections -fdata-sections -Wall -fstack-usage -MMD -MP -MF"Drivers/STM32U5xx_HAL_Driver/Src/stm32u5xx_hal_cortex.d" -MT"Drivers/STM32U5xx_HAL_Driver/Src/stm32u5xx_hal_cortex.o" --specs=nano.specs -mfpu=fpv5-sp-d16 -mfloat-abi=hard -mthumb -o "Drivers/STM32U5xx_HAL_Driver/Src/stm32u5xx_hal_cortex.o"
arm-none-eabi-gcc "../Drivers/STM32U5xx_HAL_Driver/Src/stm32u5xx_hal_dcache.c" -mcpu=cortex-m33 -std=gnu11 -g3 -DDEBUG -DUSE_FULL_LL_DRIVER -DUSE_HAL_DRIVER -DSTM32U575xx -c -I"D:/wiznet/Workspace_Code/14_W5300/multi_W5300_bus_loopback/W5300_BUS_Test/Core/Inc" -I"D:/wiznet/Workspace_Code/14_W5300/multi_W5300_bus_loopback/W5300_BUS_Test/Drivers/STM32U5xx_HAL_Driver/Inc" -I"D:/wiznet/Workspace_Code/14_W5300/multi_W5300_bus_loopback/W5300_BUS_Test/Drivers/STM32U5xx_HAL_Driver/Inc/Legacy" -I"D:/wiznet/Workspace_Code/14_W5300/multi_W5300_bus_loopback/W5300_BUS_Test/Drivers/CMSIS/Device/ST/STM32U5xx/Include" -I"D:/wiznet/Workspace_Code/14_W5300/multi_W5300_bus_loopback/W5300_BUS_Test/Drivers/CMSIS/Include" -I"D:/wiznet/Workspace_Code/14_W5300/multi_W5300_bus_loopback/W5300_BUS_Test/Drivers/ioLibrary_Driver/Ethernet" -I"D:/wiznet/Workspace_Code/14_W5300/multi_W5300_bus_loopback/W5300_BUS_Test/Drivers/ioLibrary_Driver/Ethernet/W5300" -I"D:/wiznet/Workspace_Code/14_W5300/multi_W5300_bus_loopback/W5300_BUS_Test/Drivers/ioLibrary_Driver/Application/loopback" -I../Drivers/STM32U5xx_HAL_Driver/Inc -I../Drivers/STM32U5xx_HAL_Driver/Inc/Legacy -I../Drivers/CMSIS/Device/ST/STM32U5xx/Include -I../Drivers/CMSIS/Include -I../Core/Inc -Ofast -ffunction-sections -fdata-sections -Wall -fstack-usage -MMD -MP -MF"Drivers/STM32U5xx_HAL_Driver/Src/stm32u5xx_hal_dcache.d" -MT"Drivers/STM32U5xx_HAL_Driver/Src/stm32u5xx_hal_dcache.o" --specs=nano.specs -mfpu=fpv5-sp-d16 -mfloat-abi=hard -mthumb -o "Drivers/STM32U5xx_HAL_Driver/Src/stm32u5xx_hal_dcache.o"
arm-none-eabi-gcc "../Drivers/STM32U5xx_HAL_Driver/Src/stm32u5xx_hal_dma.c" -mcpu=cortex-m33 -std=gnu11 -g3 -DDEBUG -DUSE_FULL_LL_DRIVER -DUSE_HAL_DRIVER -DSTM32U575xx -c -I"D:/wiznet/Workspace_Code/14_W5300/multi_W5300_bus_loopback/W5300_BUS_Test/Core/Inc" -I"D:/wiznet/Workspace_Code/14_W5300/multi_W5300_bus_loopback/W5300_BUS_Test/Drivers/STM32U5xx_HAL_Driver/Inc" -I"D:/wiznet/Workspace_Code/14_W5300/multi_W5300_bus_loopback/W5300_BUS_Test/Drivers/STM32U5xx_HAL_Driver/Inc/Legacy" -I"D:/wiznet/Workspace_Code/14_W5300/multi_W5300_bus_loopback/W5300_BUS_Test/Drivers/CMSIS/Device/ST/STM32U5xx/Include" -I"D:/wiznet/Workspace_Code/14_W5300/multi_W5300_bus_loopback/W5300_BUS_Test/Drivers/CMSIS/Include" -I"D:/wiznet/Workspace_Code/14_W5300/multi_W5300_bus_loopback/W5300_BUS_Test/Drivers/ioLibrary_Driver/Ethernet" -I"D:/wiznet/Workspace_Code/14_W5300/multi_W5300_bus_loopback/W5300_BUS_Test/Drivers/ioLibrary_Driver/Ethernet/W5300" -I"D:/wiznet/Workspace_Code/14_W5300/multi_W5300_bus_loopback/W5300_BUS_Test/Drivers/ioLibrary_Driver/Application/loopback" -I../Drivers/STM32U5xx_HAL_Driver/Inc -I../Drivers/STM32U5xx_HAL_Driver/Inc/Legacy -I../Drivers/CMSIS/Device/ST/STM32U5xx/Include -I../Drivers/CMSIS/Include -I../Core/Inc -Ofast -ffunction-sections -fdata-sections -Wall -fstack-usage -MMD -MP -MF"Drivers/STM32U5xx_HAL_Driver/Src/stm32u5xx_hal_dma.d" -MT"Drivers/STM32U5xx_HAL_Driver/Src/stm32u5xx_hal_dma.o" --specs=nano.specs -mfpu=fpv5-sp-d16 -mfloat-abi=hard -mthumb -o "Drivers/STM32U5xx_HAL_Driver/Src/stm32u5xx_hal_dma.o"
arm-none-eabi-gcc "../Drivers/STM32U5xx_HAL_Driver/Src/stm32u5xx_hal_dma_ex.c" -mcpu=cortex-m33 -std=gnu11 -g3 -DDEBUG -DUSE_FULL_LL_DRIVER -DUSE_HAL_DRIVER -DSTM32U575xx -c -I"D:/wiznet/Workspace_Code/14_W5300/multi_W5300_bus_loopback/W5300_BUS_Test/Core/Inc" -I"D:/wiznet/Workspace_Code/14_W5300/multi_W5300_bus_loopback/W5300_BUS_Test/Drivers/STM32U5xx_HAL_Driver/Inc" -I"D:/wiznet/Workspace_Code/14_W5300/multi_W5300_bus_loopback/W5300_BUS_Test/Drivers/STM32U5xx_HAL_Driver/Inc/Legacy" -I"D:/wiznet/Workspace_Code/14_W5300/multi_W5300_bus_loopback/W5300_BUS_Test/Drivers/CMSIS/Device/ST/STM32U5xx/Include" -I"D:/wiznet/Workspace_Code/14_W5300/multi_W5300_bus_loopback/W5300_BUS_Test/Drivers/CMSIS/Include" -I"D:/wiznet/Workspace_Code/14_W5300/multi_W5300_bus_loopback/W5300_BUS_Test/Drivers/ioLibrary_Driver/Ethernet" -I"D:/wiznet/Workspace_Code/14_W5300/multi_W5300_bus_loopback/W5300_BUS_Test/Drivers/ioLibrary_Driver/Ethernet/W5300" -I"D:/wiznet/Workspace_Code/14_W5300/multi_W5300_bus_loopback/W5300_BUS_Test/Drivers/ioLibrary_Driver/Application/loopback" -I../Drivers/STM32U5xx_HAL_Driver/Inc -I../Drivers/STM32U5xx_HAL_Driver/Inc/Legacy -I../Drivers/CMSIS/Device/ST/STM32U5xx/Include -I../Drivers/CMSIS/Include -I../Core/Inc -Ofast -ffunction-sections -fdata-sections -Wall -fstack-usage -MMD -MP -MF"Drivers/STM32U5xx_HAL_Driver/Src/stm32u5xx_hal_dma_ex.d" -MT"Drivers/STM32U5xx_HAL_Driver/Src/stm32u5xx_hal_dma_ex.o" --specs=nano.specs -mfpu=fpv5-sp-d16 -mfloat-abi=hard -mthumb -o "Drivers/STM32U5xx_HAL_Driver/Src/stm32u5xx_hal_dma_ex.o"
arm-none-eabi-gcc "../Drivers/STM32U5xx_HAL_Driver/Src/stm32u5xx_hal_exti.c" -mcpu=cortex-m33 -std=gnu11 -g3 -DDEBUG -DUSE_FULL_LL_DRIVER -DUSE_HAL_DRIVER -DSTM32U575xx -c -I"D:/wiznet/Workspace_Code/14_W5300/multi_W5300_bus_loopback/W5300_BUS_Test/Core/Inc" -I"D:/wiznet/Workspace_Code/14_W5300/multi_W5300_bus_loopback/W5300_BUS_Test/Drivers/STM32U5xx_HAL_Driver/Inc" -I"D:/wiznet/Workspace_Code/14_W5300/multi_W5300_bus_loopback/W5300_BUS_Test/Drivers/STM32U5xx_HAL_Driver/Inc/Legacy" -I"D:/wiznet/Workspace_Code/14_W5300/multi_W5300_bus_loopback/W5300_BUS_Test/Drivers/CMSIS/Device/ST/STM32U5xx/Include" -I"D:/wiznet/Workspace_Code/14_W5300/multi_W5300_bus_loopback/W5300_BUS_Test/Drivers/CMSIS/Include" -I"D:/wiznet/Workspace_Code/14_W5300/multi_W5300_bus_loopback/W5300_BUS_Test/Drivers/ioLibrary_Driver/Ethernet" -I"D:/wiznet/Workspace_Code/14_W5300/multi_W5300_bus_loopback/W5300_BUS_Test/Drivers/ioLibrary_Driver/Ethernet/W5300" -I"D:/wiznet/Workspace_Code/14_W5300/multi_W5300_bus_loopback/W5300_BUS_Test/Drivers/ioLibrary_Driver/Application/loopback" -I../Drivers/STM32U5xx_HAL_Driver/Inc -I../Drivers/STM32U5xx_HAL_Driver/Inc/Legacy -I../Drivers/CMSIS/Device/ST/STM32U5xx/Include -I../Drivers/CMSIS/Include -I../Core/Inc -Ofast -ffunction-sections -fdata-sections -Wall -fstack-usage -MMD -MP -MF"Drivers/STM32U5xx_HAL_Driver/Src/stm32u5xx_hal_exti.d" -MT"Drivers/STM32U5xx_HAL_Driver/Src/stm32u5xx_hal_exti.o" --specs=nano.specs -mfpu=fpv5-sp-d16 -mfloat-abi=hard -mthumb -o "Drivers/STM32U5xx_HAL_Driver/Src/stm32u5xx_hal_exti.o"
../Drivers/ioLibrary_Driver/Application/loopback/loopback.c: In function 'loopback_tcps':
../Drivers/ioLibrary_Driver/Application/loopback/loopback.c:27:13: warning: format '%x' expects argument of type 'unsigned int', but argument 2 has type 'uint32_t' {aka 'long unsigned int'} [-Wformat=]
   27 |    printf("%x -> %d:Connected - %d.%d.%d.%d : %d\r\n", ChipAddr ,sn, destip[0], destip[1], destip[2], destip[3], destport);
      |            ~^                                          ~~~~~~~~
      |             |                                          |
      |             unsigned int                               uint32_t {aka long unsigned int}
      |            %lx
../Drivers/ioLibrary_Driver/Application/loopback/loopback.c:35:13: warning: format '%x' expects argument of type 'unsigned int', but argument 2 has type 'uint32_t' {aka 'long unsigned int'} [-Wformat=]
   35 |    printf("%x -> %d:recv[%d][%d][%s]\r\n", ChipAddr ,sn, size, ret, buf);
      |            ~^                              ~~~~~~~~
      |             |                              |
      |             unsigned int                   uint32_t {aka long unsigned int}
      |            %lx
../Drivers/ioLibrary_Driver/Application/loopback/loopback.c:35:31: warning: format '%d' expects argument of type 'int', but argument 5 has type 'int32_t' {aka 'long int'} [-Wformat=]
   35 |    printf("%x -> %d:recv[%d][%d][%s]\r\n", ChipAddr ,sn, size, ret, buf);
      |                              ~^                                ~~~
      |                               |                                |
      |                               int                              int32_t {aka long int}
      |                              %ld
../Drivers/ioLibrary_Driver/Application/loopback/loopback.c:63:16: warning: format '%x' expects argument of type 'unsigned int', but argument 2 has type 'uint32_t' {aka 'long unsigned int'} [-Wformat=]
   63 |       printf("%x -> %d:Listen, TCP server loopback, port [%d]\r\n", ChipAddr ,sn, port);
      |               ~^                                                    ~~~~~~~~
      |                |                                                    |
      |                unsigned int                                         uint32_t {aka long unsigned int}
      |               %lx
../Drivers/ioLibrary_Driver/Ethernet/wizchip_conf.c: In function 'wizchip_setnetinfo':
../Drivers/ioLibrary_Driver/Ethernet/wizchip_conf.c:856:12: warning: unused variable 'mac' [-Wunused-variable]
  856 |    uint8_t mac[6]={0,0};
      |            ^~~
arm-none-eabi-gcc "../Drivers/STM32U5xx_HAL_Driver/Src/stm32u5xx_hal_flash.c" -mcpu=cortex-m33 -std=gnu11 -g3 -DDEBUG -DUSE_FULL_LL_DRIVER -DUSE_HAL_DRIVER -DSTM32U575xx -c -I"D:/wiznet/Workspace_Code/14_W5300/multi_W5300_bus_loopback/W5300_BUS_Test/Core/Inc" -I"D:/wiznet/Workspace_Code/14_W5300/multi_W5300_bus_loopback/W5300_BUS_Test/Drivers/STM32U5xx_HAL_Driver/Inc" -I"D:/wiznet/Workspace_Code/14_W5300/multi_W5300_bus_loopback/W5300_BUS_Test/Drivers/STM32U5xx_HAL_Driver/Inc/Legacy" -I"D:/wiznet/Workspace_Code/14_W5300/multi_W5300_bus_loopback/W5300_BUS_Test/Drivers/CMSIS/Device/ST/STM32U5xx/Include" -I"D:/wiznet/Workspace_Code/14_W5300/multi_W5300_bus_loopback/W5300_BUS_Test/Drivers/CMSIS/Include" -I"D:/wiznet/Workspace_Code/14_W5300/multi_W5300_bus_loopback/W5300_BUS_Test/Drivers/ioLibrary_Driver/Ethernet" -I"D:/wiznet/Workspace_Code/14_W5300/multi_W5300_bus_loopback/W5300_BUS_Test/Drivers/ioLibrary_Driver/Ethernet/W5300" -I"D:/wiznet/Workspace_Code/14_W5300/multi_W5300_bus_loopback/W5300_BUS_Test/Drivers/ioLibrary_Driver/Application/loopback" -I../Drivers/STM32U5xx_HAL_Driver/Inc -I../Drivers/STM32U5xx_HAL_Driver/Inc/Legacy -I../Drivers/CMSIS/Device/ST/STM32U5xx/Include -I../Drivers/CMSIS/Include -I../Core/Inc -Ofast -ffunction-sections -fdata-sections -Wall -fstack-usage -MMD -MP -MF"Drivers/STM32U5xx_HAL_Driver/Src/stm32u5xx_hal_flash.d" -MT"Drivers/STM32U5xx_HAL_Driver/Src/stm32u5xx_hal_flash.o" --specs=nano.specs -mfpu=fpv5-sp-d16 -mfloat-abi=hard -mthumb -o "Drivers/STM32U5xx_HAL_Driver/Src/stm32u5xx_hal_flash.o"
arm-none-eabi-gcc "../Drivers/STM32U5xx_HAL_Driver/Src/stm32u5xx_hal_flash_ex.c" -mcpu=cortex-m33 -std=gnu11 -g3 -DDEBUG -DUSE_FULL_LL_DRIVER -DUSE_HAL_DRIVER -DSTM32U575xx -c -I"D:/wiznet/Workspace_Code/14_W5300/multi_W5300_bus_loopback/W5300_BUS_Test/Core/Inc" -I"D:/wiznet/Workspace_Code/14_W5300/multi_W5300_bus_loopback/W5300_BUS_Test/Drivers/STM32U5xx_HAL_Driver/Inc" -I"D:/wiznet/Workspace_Code/14_W5300/multi_W5300_bus_loopback/W5300_BUS_Test/Drivers/STM32U5xx_HAL_Driver/Inc/Legacy" -I"D:/wiznet/Workspace_Code/14_W5300/multi_W5300_bus_loopback/W5300_BUS_Test/Drivers/CMSIS/Device/ST/STM32U5xx/Include" -I"D:/wiznet/Workspace_Code/14_W5300/multi_W5300_bus_loopback/W5300_BUS_Test/Drivers/CMSIS/Include" -I"D:/wiznet/Workspace_Code/14_W5300/multi_W5300_bus_loopback/W5300_BUS_Test/Drivers/ioLibrary_Driver/Ethernet" -I"D:/wiznet/Workspace_Code/14_W5300/multi_W5300_bus_loopback/W5300_BUS_Test/Drivers/ioLibrary_Driver/Ethernet/W5300" -I"D:/wiznet/Workspace_Code/14_W5300/multi_W5300_bus_loopback/W5300_BUS_Test/Drivers/ioLibrary_Driver/Application/loopback" -I../Drivers/STM32U5xx_HAL_Driver/Inc -I../Drivers/STM32U5xx_HAL_Driver/Inc/Legacy -I../Drivers/CMSIS/Device/ST/STM32U5xx/Include -I../Drivers/CMSIS/Include -I../Core/Inc -Ofast -ffunction-sections -fdata-sections -Wall -fstack-usage -MMD -MP -MF"Drivers/STM32U5xx_HAL_Driver/Src/stm32u5xx_hal_flash_ex.d" -MT"Drivers/STM32U5xx_HAL_Driver/Src/stm32u5xx_hal_flash_ex.o" --specs=nano.specs -mfpu=fpv5-sp-d16 -mfloat-abi=hard -mthumb -o "Drivers/STM32U5xx_HAL_Driver/Src/stm32u5xx_hal_flash_ex.o"
arm-none-eabi-gcc "../Drivers/STM32U5xx_HAL_Driver/Src/stm32u5xx_hal_gpio.c" -mcpu=cortex-m33 -std=gnu11 -g3 -DDEBUG -DUSE_FULL_LL_DRIVER -DUSE_HAL_DRIVER -DSTM32U575xx -c -I"D:/wiznet/Workspace_Code/14_W5300/multi_W5300_bus_loopback/W5300_BUS_Test/Core/Inc" -I"D:/wiznet/Workspace_Code/14_W5300/multi_W5300_bus_loopback/W5300_BUS_Test/Drivers/STM32U5xx_HAL_Driver/Inc" -I"D:/wiznet/Workspace_Code/14_W5300/multi_W5300_bus_loopback/W5300_BUS_Test/Drivers/STM32U5xx_HAL_Driver/Inc/Legacy" -I"D:/wiznet/Workspace_Code/14_W5300/multi_W5300_bus_loopback/W5300_BUS_Test/Drivers/CMSIS/Device/ST/STM32U5xx/Include" -I"D:/wiznet/Workspace_Code/14_W5300/multi_W5300_bus_loopback/W5300_BUS_Test/Drivers/CMSIS/Include" -I"D:/wiznet/Workspace_Code/14_W5300/multi_W5300_bus_loopback/W5300_BUS_Test/Drivers/ioLibrary_Driver/Ethernet" -I"D:/wiznet/Workspace_Code/14_W5300/multi_W5300_bus_loopback/W5300_BUS_Test/Drivers/ioLibrary_Driver/Ethernet/W5300" -I"D:/wiznet/Workspace_Code/14_W5300/multi_W5300_bus_loopback/W5300_BUS_Test/Drivers/ioLibrary_Driver/Application/loopback" -I../Drivers/STM32U5xx_HAL_Driver/Inc -I../Drivers/STM32U5xx_HAL_Driver/Inc/Legacy -I../Drivers/CMSIS/Device/ST/STM32U5xx/Include -I../Drivers/CMSIS/Include -I../Core/Inc -Ofast -ffunction-sections -fdata-sections -Wall -fstack-usage -MMD -MP -MF"Drivers/STM32U5xx_HAL_Driver/Src/stm32u5xx_hal_gpio.d" -MT"Drivers/STM32U5xx_HAL_Driver/Src/stm32u5xx_hal_gpio.o" --specs=nano.specs -mfpu=fpv5-sp-d16 -mfloat-abi=hard -mthumb -o "Drivers/STM32U5xx_HAL_Driver/Src/stm32u5xx_hal_gpio.o"
arm-none-eabi-gcc "../Drivers/STM32U5xx_HAL_Driver/Src/stm32u5xx_hal_gtzc.c" -mcpu=cortex-m33 -std=gnu11 -g3 -DDEBUG -DUSE_FULL_LL_DRIVER -DUSE_HAL_DRIVER -DSTM32U575xx -c -I"D:/wiznet/Workspace_Code/14_W5300/multi_W5300_bus_loopback/W5300_BUS_Test/Core/Inc" -I"D:/wiznet/Workspace_Code/14_W5300/multi_W5300_bus_loopback/W5300_BUS_Test/Drivers/STM32U5xx_HAL_Driver/Inc" -I"D:/wiznet/Workspace_Code/14_W5300/multi_W5300_bus_loopback/W5300_BUS_Test/Drivers/STM32U5xx_HAL_Driver/Inc/Legacy" -I"D:/wiznet/Workspace_Code/14_W5300/multi_W5300_bus_loopback/W5300_BUS_Test/Drivers/CMSIS/Device/ST/STM32U5xx/Include" -I"D:/wiznet/Workspace_Code/14_W5300/multi_W5300_bus_loopback/W5300_BUS_Test/Drivers/CMSIS/Include" -I"D:/wiznet/Workspace_Code/14_W5300/multi_W5300_bus_loopback/W5300_BUS_Test/Drivers/ioLibrary_Driver/Ethernet" -I"D:/wiznet/Workspace_Code/14_W5300/multi_W5300_bus_loopback/W5300_BUS_Test/Drivers/ioLibrary_Driver/Ethernet/W5300" -I"D:/wiznet/Workspace_Code/14_W5300/multi_W5300_bus_loopback/W5300_BUS_Test/Drivers/ioLibrary_Driver/Application/loopback" -I../Drivers/STM32U5xx_HAL_Driver/Inc -I../Drivers/STM32U5xx_HAL_Driver/Inc/Legacy -I../Drivers/CMSIS/Device/ST/STM32U5xx/Include -I../Drivers/CMSIS/Include -I../Core/Inc -Ofast -ffunction-sections -fdata-sections -Wall -fstack-usage -MMD -MP -MF"Drivers/STM32U5xx_HAL_Driver/Src/stm32u5xx_hal_gtzc.d" -MT"Drivers/STM32U5xx_HAL_Driver/Src/stm32u5xx_hal_gtzc.o" --specs=nano.specs -mfpu=fpv5-sp-d16 -mfloat-abi=hard -mthumb -o "Drivers/STM32U5xx_HAL_Driver/Src/stm32u5xx_hal_gtzc.o"
arm-none-eabi-gcc "../Drivers/STM32U5xx_HAL_Driver/Src/stm32u5xx_hal_i2c.c" -mcpu=cortex-m33 -std=gnu11 -g3 -DDEBUG -DUSE_FULL_LL_DRIVER -DUSE_HAL_DRIVER -DSTM32U575xx -c -I"D:/wiznet/Workspace_Code/14_W5300/multi_W5300_bus_loopback/W5300_BUS_Test/Core/Inc" -I"D:/wiznet/Workspace_Code/14_W5300/multi_W5300_bus_loopback/W5300_BUS_Test/Drivers/STM32U5xx_HAL_Driver/Inc" -I"D:/wiznet/Workspace_Code/14_W5300/multi_W5300_bus_loopback/W5300_BUS_Test/Drivers/STM32U5xx_HAL_Driver/Inc/Legacy" -I"D:/wiznet/Workspace_Code/14_W5300/multi_W5300_bus_loopback/W5300_BUS_Test/Drivers/CMSIS/Device/ST/STM32U5xx/Include" -I"D:/wiznet/Workspace_Code/14_W5300/multi_W5300_bus_loopback/W5300_BUS_Test/Drivers/CMSIS/Include" -I"D:/wiznet/Workspace_Code/14_W5300/multi_W5300_bus_loopback/W5300_BUS_Test/Drivers/ioLibrary_Driver/Ethernet" -I"D:/wiznet/Workspace_Code/14_W5300/multi_W5300_bus_loopback/W5300_BUS_Test/Drivers/ioLibrary_Driver/Ethernet/W5300" -I"D:/wiznet/Workspace_Code/14_W5300/multi_W5300_bus_loopback/W5300_BUS_Test/Drivers/ioLibrary_Driver/Application/loopback" -I../Drivers/STM32U5xx_HAL_Driver/Inc -I../Drivers/STM32U5xx_HAL_Driver/Inc/Legacy -I../Drivers/CMSIS/Device/ST/STM32U5xx/Include -I../Drivers/CMSIS/Include -I../Core/Inc -Ofast -ffunction-sections -fdata-sections -Wall -fstack-usage -MMD -MP -MF"Drivers/STM32U5xx_HAL_Driver/Src/stm32u5xx_hal_i2c.d" -MT"Drivers/STM32U5xx_HAL_Driver/Src/stm32u5xx_hal_i2c.o" --specs=nano.specs -mfpu=fpv5-sp-d16 -mfloat-abi=hard -mthumb -o "Drivers/STM32U5xx_HAL_Driver/Src/stm32u5xx_hal_i2c.o"
arm-none-eabi-gcc "../Drivers/STM32U5xx_HAL_Driver/Src/stm32u5xx_hal_i2c_ex.c" -mcpu=cortex-m33 -std=gnu11 -g3 -DDEBUG -DUSE_FULL_LL_DRIVER -DUSE_HAL_DRIVER -DSTM32U575xx -c -I"D:/wiznet/Workspace_Code/14_W5300/multi_W5300_bus_loopback/W5300_BUS_Test/Core/Inc" -I"D:/wiznet/Workspace_Code/14_W5300/multi_W5300_bus_loopback/W5300_BUS_Test/Drivers/STM32U5xx_HAL_Driver/Inc" -I"D:/wiznet/Workspace_Code/14_W5300/multi_W5300_bus_loopback/W5300_BUS_Test/Drivers/STM32U5xx_HAL_Driver/Inc/Legacy" -I"D:/wiznet/Workspace_Code/14_W5300/multi_W5300_bus_loopback/W5300_BUS_Test/Drivers/CMSIS/Device/ST/STM32U5xx/Include" -I"D:/wiznet/Workspace_Code/14_W5300/multi_W5300_bus_loopback/W5300_BUS_Test/Drivers/CMSIS/Include" -I"D:/wiznet/Workspace_Code/14_W5300/multi_W5300_bus_loopback/W5300_BUS_Test/Drivers/ioLibrary_Driver/Ethernet" -I"D:/wiznet/Workspace_Code/14_W5300/multi_W5300_bus_loopback/W5300_BUS_Test/Drivers/ioLibrary_Driver/Ethernet/W5300" -I"D:/wiznet/Workspace_Code/14_W5300/multi_W5300_bus_loopback/W5300_BUS_Test/Drivers/ioLibrary_Driver/Application/loopback" -I../Drivers/STM32U5xx_HAL_Driver/Inc -I../Drivers/STM32U5xx_HAL_Driver/Inc/Legacy -I../Drivers/CMSIS/Device/ST/STM32U5xx/Include -I../Drivers/CMSIS/Include -I../Core/Inc -Ofast -ffunction-sections -fdata-sections -Wall -fstack-usage -MMD -MP -MF"Drivers/STM32U5xx_HAL_Driver/Src/stm32u5xx_hal_i2c_ex.d" -MT"Drivers/STM32U5xx_HAL_Driver/Src/stm32u5xx_hal_i2c_ex.o" --specs=nano.specs -mfpu=fpv5-sp-d16 -mfloat-abi=hard -mthumb -o "Drivers/STM32U5xx_HAL_Driver/Src/stm32u5xx_hal_i2c_ex.o"
arm-none-eabi-gcc "../Drivers/STM32U5xx_HAL_Driver/Src/stm32u5xx_hal_icache.c" -mcpu=cortex-m33 -std=gnu11 -g3 -DDEBUG -DUSE_FULL_LL_DRIVER -DUSE_HAL_DRIVER -DSTM32U575xx -c -I"D:/wiznet/Workspace_Code/14_W5300/multi_W5300_bus_loopback/W5300_BUS_Test/Core/Inc" -I"D:/wiznet/Workspace_Code/14_W5300/multi_W5300_bus_loopback/W5300_BUS_Test/Drivers/STM32U5xx_HAL_Driver/Inc" -I"D:/wiznet/Workspace_Code/14_W5300/multi_W5300_bus_loopback/W5300_BUS_Test/Drivers/STM32U5xx_HAL_Driver/Inc/Legacy" -I"D:/wiznet/Workspace_Code/14_W5300/multi_W5300_bus_loopback/W5300_BUS_Test/Drivers/CMSIS/Device/ST/STM32U5xx/Include" -I"D:/wiznet/Workspace_Code/14_W5300/multi_W5300_bus_loopback/W5300_BUS_Test/Drivers/CMSIS/Include" -I"D:/wiznet/Workspace_Code/14_W5300/multi_W5300_bus_loopback/W5300_BUS_Test/Drivers/ioLibrary_Driver/Ethernet" -I"D:/wiznet/Workspace_Code/14_W5300/multi_W5300_bus_loopback/W5300_BUS_Test/Drivers/ioLibrary_Driver/Ethernet/W5300" -I"D:/wiznet/Workspace_Code/14_W5300/multi_W5300_bus_loopback/W5300_BUS_Test/Drivers/ioLibrary_Driver/Application/loopback" -I../Drivers/STM32U5xx_HAL_Driver/Inc -I../Drivers/STM32U5xx_HAL_Driver/Inc/Legacy -I../Drivers/CMSIS/Device/ST/STM32U5xx/Include -I../Drivers/CMSIS/Include -I../Core/Inc -Ofast -ffunction-sections -fdata-sections -Wall -fstack-usage -MMD -MP -MF"Drivers/STM32U5xx_HAL_Driver/Src/stm32u5xx_hal_icache.d" -MT"Drivers/STM32U5xx_HAL_Driver/Src/stm32u5xx_hal_icache.o" --specs=nano.specs -mfpu=fpv5-sp-d16 -mfloat-abi=hard -mthumb -o "Drivers/STM32U5xx_HAL_Driver/Src/stm32u5xx_hal_icache.o"
arm-none-eabi-gcc "../Drivers/STM32U5xx_HAL_Driver/Src/stm32u5xx_hal_pwr.c" -mcpu=cortex-m33 -std=gnu11 -g3 -DDEBUG -DUSE_FULL_LL_DRIVER -DUSE_HAL_DRIVER -DSTM32U575xx -c -I"D:/wiznet/Workspace_Code/14_W5300/multi_W5300_bus_loopback/W5300_BUS_Test/Core/Inc" -I"D:/wiznet/Workspace_Code/14_W5300/multi_W5300_bus_loopback/W5300_BUS_Test/Drivers/STM32U5xx_HAL_Driver/Inc" -I"D:/wiznet/Workspace_Code/14_W5300/multi_W5300_bus_loopback/W5300_BUS_Test/Drivers/STM32U5xx_HAL_Driver/Inc/Legacy" -I"D:/wiznet/Workspace_Code/14_W5300/multi_W5300_bus_loopback/W5300_BUS_Test/Drivers/CMSIS/Device/ST/STM32U5xx/Include" -I"D:/wiznet/Workspace_Code/14_W5300/multi_W5300_bus_loopback/W5300_BUS_Test/Drivers/CMSIS/Include" -I"D:/wiznet/Workspace_Code/14_W5300/multi_W5300_bus_loopback/W5300_BUS_Test/Drivers/ioLibrary_Driver/Ethernet" -I"D:/wiznet/Workspace_Code/14_W5300/multi_W5300_bus_loopback/W5300_BUS_Test/Drivers/ioLibrary_Driver/Ethernet/W5300" -I"D:/wiznet/Workspace_Code/14_W5300/multi_W5300_bus_loopback/W5300_BUS_Test/Drivers/ioLibrary_Driver/Application/loopback" -I../Drivers/STM32U5xx_HAL_Driver/Inc -I../Drivers/STM32U5xx_HAL_Driver/Inc/Legacy -I../Drivers/CMSIS/Device/ST/STM32U5xx/Include -I../Drivers/CMSIS/Include -I../Core/Inc -Ofast -ffunction-sections -fdata-sections -Wall -fstack-usage -MMD -MP -MF"Drivers/STM32U5xx_HAL_Driver/Src/stm32u5xx_hal_pwr.d" -MT"Drivers/STM32U5xx_HAL_Driver/Src/stm32u5xx_hal_pwr.o" --specs=nano.specs -mfpu=fpv5-sp-d16 -mfloat-abi=hard -mthumb -o "Drivers/STM32U5xx_HAL_Driver/Src/stm32u5xx_hal_pwr.o"
arm-none-eabi-gcc "../Drivers/STM32U5xx_HAL_Driver/Src/stm32u5xx_hal_pwr_ex.c" -mcpu=cortex-m33 -std=gnu11 -g3 -DDEBUG -DUSE_FULL_LL_DRIVER -DUSE_HAL_DRIVER -DSTM32U575xx -c -I"D:/wiznet/Workspace_Code/14_W5300/multi_W5300_bus_loopback/W5300_BUS_Test/Core/Inc" -I"D:/wiznet/Workspace_Code/14_W5300/multi_W5300_bus_loopback/W5300_BUS_Test/Drivers/STM32U5xx_HAL_Driver/Inc" -I"D:/wiznet/Workspace_Code/14_W5300/multi_W5300_bus_loopback/W5300_BUS_Test/Drivers/STM32U5xx_HAL_Driver/Inc/Legacy" -I"D:/wiznet/Workspace_Code/14_W5300/multi_W5300_bus_loopback/W5300_BUS_Test/Drivers/CMSIS/Device/ST/STM32U5xx/Include" -I"D:/wiznet/Workspace_Code/14_W5300/multi_W5300_bus_loopback/W5300_BUS_Test/Drivers/CMSIS/Include" -I"D:/wiznet/Workspace_Code/14_W5300/multi_W5300_bus_loopback/W5300_BUS_Test/Drivers/ioLibrary_Driver/Ethernet" -I"D:/wiznet/Workspace_Code/14_W5300/multi_W5300_bus_loopback/W5300_BUS_Test/Drivers/ioLibrary_Driver/Ethernet/W5300" -I"D:/wiznet/Workspace_Code/14_W5300/multi_W5300_bus_loopback/W5300_BUS_Test/Drivers/ioLibrary_Driver/Application/loopback" -I../Drivers/STM32U5xx_HAL_Driver/Inc -I../Drivers/STM32U5xx_HAL_Driver/Inc/Legacy -I../Drivers/CMSIS/Device/ST/STM32U5xx/Include -I../Drivers/CMSIS/Include -I../Core/Inc -Ofast -ffunction-sections -fdata-sections -Wall -fstack-usage -MMD -MP -MF"Drivers/STM32U5xx_HAL_Driver/Src/stm32u5xx_hal_pwr_ex.d" -MT"Drivers/STM32U5xx_HAL_Driver/Src/stm32u5xx_hal_pwr_ex.o" --specs=nano.specs -mfpu=fpv5-sp-d16 -mfloat-abi=hard -mthumb -o "Drivers/STM32U5xx_HAL_Driver/Src/stm32u5xx_hal_pwr_ex.o"
arm-none-eabi-gcc "../Drivers/STM32U5xx_HAL_Driver/Src/stm32u5xx_hal_rcc.c" -mcpu=cortex-m33 -std=gnu11 -g3 -DDEBUG -DUSE_FULL_LL_DRIVER -DUSE_HAL_DRIVER -DSTM32U575xx -c -I"D:/wiznet/Workspace_Code/14_W5300/multi_W5300_bus_loopback/W5300_BUS_Test/Core/Inc" -I"D:/wiznet/Workspace_Code/14_W5300/multi_W5300_bus_loopback/W5300_BUS_Test/Drivers/STM32U5xx_HAL_Driver/Inc" -I"D:/wiznet/Workspace_Code/14_W5300/multi_W5300_bus_loopback/W5300_BUS_Test/Drivers/STM32U5xx_HAL_Driver/Inc/Legacy" -I"D:/wiznet/Workspace_Code/14_W5300/multi_W5300_bus_loopback/W5300_BUS_Test/Drivers/CMSIS/Device/ST/STM32U5xx/Include" -I"D:/wiznet/Workspace_Code/14_W5300/multi_W5300_bus_loopback/W5300_BUS_Test/Drivers/CMSIS/Include" -I"D:/wiznet/Workspace_Code/14_W5300/multi_W5300_bus_loopback/W5300_BUS_Test/Drivers/ioLibrary_Driver/Ethernet" -I"D:/wiznet/Workspace_Code/14_W5300/multi_W5300_bus_loopback/W5300_BUS_Test/Drivers/ioLibrary_Driver/Ethernet/W5300" -I"D:/wiznet/Workspace_Code/14_W5300/multi_W5300_bus_loopback/W5300_BUS_Test/Drivers/ioLibrary_Driver/Application/loopback" -I../Drivers/STM32U5xx_HAL_Driver/Inc -I../Drivers/STM32U5xx_HAL_Driver/Inc/Legacy -I../Drivers/CMSIS/Device/ST/STM32U5xx/Include -I../Drivers/CMSIS/Include -I../Core/Inc -Ofast -ffunction-sections -fdata-sections -Wall -fstack-usage -MMD -MP -MF"Drivers/STM32U5xx_HAL_Driver/Src/stm32u5xx_hal_rcc.d" -MT"Drivers/STM32U5xx_HAL_Driver/Src/stm32u5xx_hal_rcc.o" --specs=nano.specs -mfpu=fpv5-sp-d16 -mfloat-abi=hard -mthumb -o "Drivers/STM32U5xx_HAL_Driver/Src/stm32u5xx_hal_rcc.o"
arm-none-eabi-gcc "../Drivers/STM32U5xx_HAL_Driver/Src/stm32u5xx_hal_rcc_ex.c" -mcpu=cortex-m33 -std=gnu11 -g3 -DDEBUG -DUSE_FULL_LL_DRIVER -DUSE_HAL_DRIVER -DSTM32U575xx -c -I"D:/wiznet/Workspace_Code/14_W5300/multi_W5300_bus_loopback/W5300_BUS_Test/Core/Inc" -I"D:/wiznet/Workspace_Code/14_W5300/multi_W5300_bus_loopback/W5300_BUS_Test/Drivers/STM32U5xx_HAL_Driver/Inc" -I"D:/wiznet/Workspace_Code/14_W5300/multi_W5300_bus_loopback/W5300_BUS_Test/Drivers/STM32U5xx_HAL_Driver/Inc/Legacy" -I"D:/wiznet/Workspace_Code/14_W5300/multi_W5300_bus_loopback/W5300_BUS_Test/Drivers/CMSIS/Device/ST/STM32U5xx/Include" -I"D:/wiznet/Workspace_Code/14_W5300/multi_W5300_bus_loopback/W5300_BUS_Test/Drivers/CMSIS/Include" -I"D:/wiznet/Workspace_Code/14_W5300/multi_W5300_bus_loopback/W5300_BUS_Test/Drivers/ioLibrary_Driver/Ethernet" -I"D:/wiznet/Workspace_Code/14_W5300/multi_W5300_bus_loopback/W5300_BUS_Test/Drivers/ioLibrary_Driver/Ethernet/W5300" -I"D:/wiznet/Workspace_Code/14_W5300/multi_W5300_bus_loopback/W5300_BUS_Test/Drivers/ioLibrary_Driver/Application/loopback" -I../Drivers/STM32U5xx_HAL_Driver/Inc -I../Drivers/STM32U5xx_HAL_Driver/Inc/Legacy -I../Drivers/CMSIS/Device/ST/STM32U5xx/Include -I../Drivers/CMSIS/Include -I../Core/Inc -Ofast -ffunction-sections -fdata-sections -Wall -fstack-usage -MMD -MP -MF"Drivers/STM32U5xx_HAL_Driver/Src/stm32u5xx_hal_rcc_ex.d" -MT"Drivers/STM32U5xx_HAL_Driver/Src/stm32u5xx_hal_rcc_ex.o" --specs=nano.specs -mfpu=fpv5-sp-d16 -mfloat-abi=hard -mthumb -o "Drivers/STM32U5xx_HAL_Driver/Src/stm32u5xx_hal_rcc_ex.o"
arm-none-eabi-gcc "../Drivers/STM32U5xx_HAL_Driver/Src/stm32u5xx_hal_sram.c" -mcpu=cortex-m33 -std=gnu11 -g3 -DDEBUG -DUSE_FULL_LL_DRIVER -DUSE_HAL_DRIVER -DSTM32U575xx -c -I"D:/wiznet/Workspace_Code/14_W5300/multi_W5300_bus_loopback/W5300_BUS_Test/Core/Inc" -I"D:/wiznet/Workspace_Code/14_W5300/multi_W5300_bus_loopback/W5300_BUS_Test/Drivers/STM32U5xx_HAL_Driver/Inc" -I"D:/wiznet/Workspace_Code/14_W5300/multi_W5300_bus_loopback/W5300_BUS_Test/Drivers/STM32U5xx_HAL_Driver/Inc/Legacy" -I"D:/wiznet/Workspace_Code/14_W5300/multi_W5300_bus_loopback/W5300_BUS_Test/Drivers/CMSIS/Device/ST/STM32U5xx/Include" -I"D:/wiznet/Workspace_Code/14_W5300/multi_W5300_bus_loopback/W5300_BUS_Test/Drivers/CMSIS/Include" -I"D:/wiznet/Workspace_Code/14_W5300/multi_W5300_bus_loopback/W5300_BUS_Test/Drivers/ioLibrary_Driver/Ethernet" -I"D:/wiznet/Workspace_Code/14_W5300/multi_W5300_bus_loopback/W5300_BUS_Test/Drivers/ioLibrary_Driver/Ethernet/W5300" -I"D:/wiznet/Workspace_Code/14_W5300/multi_W5300_bus_loopback/W5300_BUS_Test/Drivers/ioLibrary_Driver/Application/loopback" -I../Drivers/STM32U5xx_HAL_Driver/Inc -I../Drivers/STM32U5xx_HAL_Driver/Inc/Legacy -I../Drivers/CMSIS/Device/ST/STM32U5xx/Include -I../Drivers/CMSIS/Include -I../Core/Inc -Ofast -ffunction-sections -fdata-sections -Wall -fstack-usage -MMD -MP -MF"Drivers/STM32U5xx_HAL_Driver/Src/stm32u5xx_hal_sram.d" -MT"Drivers/STM32U5xx_HAL_Driver/Src/stm32u5xx_hal_sram.o" --specs=nano.specs -mfpu=fpv5-sp-d16 -mfloat-abi=hard -mthumb -o "Drivers/STM32U5xx_HAL_Driver/Src/stm32u5xx_hal_sram.o"
arm-none-eabi-gcc "../Drivers/STM32U5xx_HAL_Driver/Src/stm32u5xx_hal_tim.c" -mcpu=cortex-m33 -std=gnu11 -g3 -DDEBUG -DUSE_FULL_LL_DRIVER -DUSE_HAL_DRIVER -DSTM32U575xx -c -I"D:/wiznet/Workspace_Code/14_W5300/multi_W5300_bus_loopback/W5300_BUS_Test/Core/Inc" -I"D:/wiznet/Workspace_Code/14_W5300/multi_W5300_bus_loopback/W5300_BUS_Test/Drivers/STM32U5xx_HAL_Driver/Inc" -I"D:/wiznet/Workspace_Code/14_W5300/multi_W5300_bus_loopback/W5300_BUS_Test/Drivers/STM32U5xx_HAL_Driver/Inc/Legacy" -I"D:/wiznet/Workspace_Code/14_W5300/multi_W5300_bus_loopback/W5300_BUS_Test/Drivers/CMSIS/Device/ST/STM32U5xx/Include" -I"D:/wiznet/Workspace_Code/14_W5300/multi_W5300_bus_loopback/W5300_BUS_Test/Drivers/CMSIS/Include" -I"D:/wiznet/Workspace_Code/14_W5300/multi_W5300_bus_loopback/W5300_BUS_Test/Drivers/ioLibrary_Driver/Ethernet" -I"D:/wiznet/Workspace_Code/14_W5300/multi_W5300_bus_loopback/W5300_BUS_Test/Drivers/ioLibrary_Driver/Ethernet/W5300" -I"D:/wiznet/Workspace_Code/14_W5300/multi_W5300_bus_loopback/W5300_BUS_Test/Drivers/ioLibrary_Driver/Application/loopback" -I../Drivers/STM32U5xx_HAL_Driver/Inc -I../Drivers/STM32U5xx_HAL_Driver/Inc/Legacy -I../Drivers/CMSIS/Device/ST/STM32U5xx/Include -I../Drivers/CMSIS/Include -I../Core/Inc -Ofast -ffunction-sections -fdata-sections -Wall -fstack-usage -MMD -MP -MF"Drivers/STM32U5xx_HAL_Driver/Src/stm32u5xx_hal_tim.d" -MT"Drivers/STM32U5xx_HAL_Driver/Src/stm32u5xx_hal_tim.o" --specs=nano.specs -mfpu=fpv5-sp-d16 -mfloat-abi=hard -mthumb -o "Drivers/STM32U5xx_HAL_Driver/Src/stm32u5xx_hal_tim.o"
arm-none-eabi-gcc "../Drivers/STM32U5xx_HAL_Driver/Src/stm32u5xx_hal_tim_ex.c" -mcpu=cortex-m33 -std=gnu11 -g3 -DDEBUG -DUSE_FULL_LL_DRIVER -DUSE_HAL_DRIVER -DSTM32U575xx -c -I"D:/wiznet/Workspace_Code/14_W5300/multi_W5300_bus_loopback/W5300_BUS_Test/Core/Inc" -I"D:/wiznet/Workspace_Code/14_W5300/multi_W5300_bus_loopback/W5300_BUS_Test/Drivers/STM32U5xx_HAL_Driver/Inc" -I"D:/wiznet/Workspace_Code/14_W5300/multi_W5300_bus_loopback/W5300_BUS_Test/Drivers/STM32U5xx_HAL_Driver/Inc/Legacy" -I"D:/wiznet/Workspace_Code/14_W5300/multi_W5300_bus_loopback/W5300_BUS_Test/Drivers/CMSIS/Device/ST/STM32U5xx/Include" -I"D:/wiznet/Workspace_Code/14_W5300/multi_W5300_bus_loopback/W5300_BUS_Test/Drivers/CMSIS/Include" -I"D:/wiznet/Workspace_Code/14_W5300/multi_W5300_bus_loopback/W5300_BUS_Test/Drivers/ioLibrary_Driver/Ethernet" -I"D:/wiznet/Workspace_Code/14_W5300/multi_W5300_bus_loopback/W5300_BUS_Test/Drivers/ioLibrary_Driver/Ethernet/W5300" -I"D:/wiznet/Workspace_Code/14_W5300/multi_W5300_bus_loopback/W5300_BUS_Test/Drivers/ioLibrary_Driver/Application/loopback" -I../Drivers/STM32U5xx_HAL_Driver/Inc -I../Drivers/STM32U5xx_HAL_Driver/Inc/Legacy -I../Drivers/CMSIS/Device/ST/STM32U5xx/Include -I../Drivers/CMSIS/Include -I../Core/Inc -Ofast -ffunction-sections -fdata-sections -Wall -fstack-usage -MMD -MP -MF"Drivers/STM32U5xx_HAL_Driver/Src/stm32u5xx_hal_tim_ex.d" -MT"Drivers/STM32U5xx_HAL_Driver/Src/stm32u5xx_hal_tim_ex.o" --specs=nano.specs -mfpu=fpv5-sp-d16 -mfloat-abi=hard -mthumb -o "Drivers/STM32U5xx_HAL_Driver/Src/stm32u5xx_hal_tim_ex.o"
arm-none-eabi-gcc "../Drivers/STM32U5xx_HAL_Driver/Src/stm32u5xx_hal_uart.c" -mcpu=cortex-m33 -std=gnu11 -g3 -DDEBUG -DUSE_FULL_LL_DRIVER -DUSE_HAL_DRIVER -DSTM32U575xx -c -I"D:/wiznet/Workspace_Code/14_W5300/multi_W5300_bus_loopback/W5300_BUS_Test/Core/Inc" -I"D:/wiznet/Workspace_Code/14_W5300/multi_W5300_bus_loopback/W5300_BUS_Test/Drivers/STM32U5xx_HAL_Driver/Inc" -I"D:/wiznet/Workspace_Code/14_W5300/multi_W5300_bus_loopback/W5300_BUS_Test/Drivers/STM32U5xx_HAL_Driver/Inc/Legacy" -I"D:/wiznet/Workspace_Code/14_W5300/multi_W5300_bus_loopback/W5300_BUS_Test/Drivers/CMSIS/Device/ST/STM32U5xx/Include" -I"D:/wiznet/Workspace_Code/14_W5300/multi_W5300_bus_loopback/W5300_BUS_Test/Drivers/CMSIS/Include" -I"D:/wiznet/Workspace_Code/14_W5300/multi_W5300_bus_loopback/W5300_BUS_Test/Drivers/ioLibrary_Driver/Ethernet" -I"D:/wiznet/Workspace_Code/14_W5300/multi_W5300_bus_loopback/W5300_BUS_Test/Drivers/ioLibrary_Driver/Ethernet/W5300" -I"D:/wiznet/Workspace_Code/14_W5300/multi_W5300_bus_loopback/W5300_BUS_Test/Drivers/ioLibrary_Driver/Application/loopback" -I../Drivers/STM32U5xx_HAL_Driver/Inc -I../Drivers/STM32U5xx_HAL_Driver/Inc/Legacy -I../Drivers/CMSIS/Device/ST/STM32U5xx/Include -I../Drivers/CMSIS/Include -I../Core/Inc -Ofast -ffunction-sections -fdata-sections -Wall -fstack-usage -MMD -MP -MF"Drivers/STM32U5xx_HAL_Driver/Src/stm32u5xx_hal_uart.d" -MT"Drivers/STM32U5xx_HAL_Driver/Src/stm32u5xx_hal_uart.o" --specs=nano.specs -mfpu=fpv5-sp-d16 -mfloat-abi=hard -mthumb -o "Drivers/STM32U5xx_HAL_Driver/Src/stm32u5xx_hal_uart.o"
arm-none-eabi-gcc "../Drivers/STM32U5xx_HAL_Driver/Src/stm32u5xx_hal_uart_ex.c" -mcpu=cortex-m33 -std=gnu11 -g3 -DDEBUG -DUSE_FULL_LL_DRIVER -DUSE_HAL_DRIVER -DSTM32U575xx -c -I"D:/wiznet/Workspace_Code/14_W5300/multi_W5300_bus_loopback/W5300_BUS_Test/Core/Inc" -I"D:/wiznet/Workspace_Code/14_W5300/multi_W5300_bus_loopback/W5300_BUS_Test/Drivers/STM32U5xx_HAL_Driver/Inc" -I"D:/wiznet/Workspace_Code/14_W5300/multi_W5300_bus_loopback/W5300_BUS_Test/Drivers/STM32U5xx_HAL_Driver/Inc/Legacy" -I"D:/wiznet/Workspace_Code/14_W5300/multi_W5300_bus_loopback/W5300_BUS_Test/Drivers/CMSIS/Device/ST/STM32U5xx/Include" -I"D:/wiznet/Workspace_Code/14_W5300/multi_W5300_bus_loopback/W5300_BUS_Test/Drivers/CMSIS/Include" -I"D:/wiznet/Workspace_Code/14_W5300/multi_W5300_bus_loopback/W5300_BUS_Test/Drivers/ioLibrary_Driver/Ethernet" -I"D:/wiznet/Workspace_Code/14_W5300/multi_W5300_bus_loopback/W5300_BUS_Test/Drivers/ioLibrary_Driver/Ethernet/W5300" -I"D:/wiznet/Workspace_Code/14_W5300/multi_W5300_bus_loopback/W5300_BUS_Test/Drivers/ioLibrary_Driver/Application/loopback" -I../Drivers/STM32U5xx_HAL_Driver/Inc -I../Drivers/STM32U5xx_HAL_Driver/Inc/Legacy -I../Drivers/CMSIS/Device/ST/STM32U5xx/Include -I../Drivers/CMSIS/Include -I../Core/Inc -Ofast -ffunction-sections -fdata-sections -Wall -fstack-usage -MMD -MP -MF"Drivers/STM32U5xx_HAL_Driver/Src/stm32u5xx_hal_uart_ex.d" -MT"Drivers/STM32U5xx_HAL_Driver/Src/stm32u5xx_hal_uart_ex.o" --specs=nano.specs -mfpu=fpv5-sp-d16 -mfloat-abi=hard -mthumb -o "Drivers/STM32U5xx_HAL_Driver/Src/stm32u5xx_hal_uart_ex.o"
arm-none-eabi-gcc "../Drivers/STM32U5xx_HAL_Driver/Src/stm32u5xx_ll_dma.c" -mcpu=cortex-m33 -std=gnu11 -g3 -DDEBUG -DUSE_FULL_LL_DRIVER -DUSE_HAL_DRIVER -DSTM32U575xx -c -I"D:/wiznet/Workspace_Code/14_W5300/multi_W5300_bus_loopback/W5300_BUS_Test/Core/Inc" -I"D:/wiznet/Workspace_Code/14_W5300/multi_W5300_bus_loopback/W5300_BUS_Test/Drivers/STM32U5xx_HAL_Driver/Inc" -I"D:/wiznet/Workspace_Code/14_W5300/multi_W5300_bus_loopback/W5300_BUS_Test/Drivers/STM32U5xx_HAL_Driver/Inc/Legacy" -I"D:/wiznet/Workspace_Code/14_W5300/multi_W5300_bus_loopback/W5300_BUS_Test/Drivers/CMSIS/Device/ST/STM32U5xx/Include" -I"D:/wiznet/Workspace_Code/14_W5300/multi_W5300_bus_loopback/W5300_BUS_Test/Drivers/CMSIS/Include" -I"D:/wiznet/Workspace_Code/14_W5300/multi_W5300_bus_loopback/W5300_BUS_Test/Drivers/ioLibrary_Driver/Ethernet" -I"D:/wiznet/Workspace_Code/14_W5300/multi_W5300_bus_loopback/W5300_BUS_Test/Drivers/ioLibrary_Driver/Ethernet/W5300" -I"D:/wiznet/Workspace_Code/14_W5300/multi_W5300_bus_loopback/W5300_BUS_Test/Drivers/ioLibrary_Driver/Application/loopback" -I../Drivers/STM32U5xx_HAL_Driver/Inc -I../Drivers/STM32U5xx_HAL_Driver/Inc/Legacy -I../Drivers/CMSIS/Device/ST/STM32U5xx/Include -I../Drivers/CMSIS/Include -I../Core/Inc -Ofast -ffunction-sections -fdata-sections -Wall -fstack-usage -MMD -MP -MF"Drivers/STM32U5xx_HAL_Driver/Src/stm32u5xx_ll_dma.d" -MT"Drivers/STM32U5xx_HAL_Driver/Src/stm32u5xx_ll_dma.o" --specs=nano.specs -mfpu=fpv5-sp-d16 -mfloat-abi=hard -mthumb -o "Drivers/STM32U5xx_HAL_Driver/Src/stm32u5xx_ll_dma.o"
arm-none-eabi-gcc "../Drivers/STM32U5xx_HAL_Driver/Src/stm32u5xx_ll_exti.c" -mcpu=cortex-m33 -std=gnu11 -g3 -DDEBUG -DUSE_FULL_LL_DRIVER -DUSE_HAL_DRIVER -DSTM32U575xx -c -I"D:/wiznet/Workspace_Code/14_W5300/multi_W5300_bus_loopback/W5300_BUS_Test/Core/Inc" -I"D:/wiznet/Workspace_Code/14_W5300/multi_W5300_bus_loopback/W5300_BUS_Test/Drivers/STM32U5xx_HAL_Driver/Inc" -I"D:/wiznet/Workspace_Code/14_W5300/multi_W5300_bus_loopback/W5300_BUS_Test/Drivers/STM32U5xx_HAL_Driver/Inc/Legacy" -I"D:/wiznet/Workspace_Code/14_W5300/multi_W5300_bus_loopback/W5300_BUS_Test/Drivers/CMSIS/Device/ST/STM32U5xx/Include" -I"D:/wiznet/Workspace_Code/14_W5300/multi_W5300_bus_loopback/W5300_BUS_Test/Drivers/CMSIS/Include" -I"D:/wiznet/Workspace_Code/14_W5300/multi_W5300_bus_loopback/W5300_BUS_Test/Drivers/ioLibrary_Driver/Ethernet" -I"D:/wiznet/Workspace_Code/14_W5300/multi_W5300_bus_loopback/W5300_BUS_Test/Drivers/ioLibrary_Driver/Ethernet/W5300" -I"D:/wiznet/Workspace_Code/14_W5300/multi_W5300_bus_loopback/W5300_BUS_Test/Drivers/ioLibrary_Driver/Application/loopback" -I../Drivers/STM32U5xx_HAL_Driver/Inc -I../Drivers/STM32U5xx_HAL_Driver/Inc/Legacy -I../Drivers/CMSIS/Device/ST/STM32U5xx/Include -I../Drivers/CMSIS/Include -I../Core/Inc -Ofast -ffunction-sections -fdata-sections -Wall -fstack-usage -MMD -MP -MF"Drivers/STM32U5xx_HAL_Driver/Src/stm32u5xx_ll_exti.d" -MT"Drivers/STM32U5xx_HAL_Driver/Src/stm32u5xx_ll_exti.o" --specs=nano.specs -mfpu=fpv5-sp-d16 -mfloat-abi=hard -mthumb -o "Drivers/STM32U5xx_HAL_Driver/Src/stm32u5xx_ll_exti.o"
arm-none-eabi-gcc "../Drivers/STM32U5xx_HAL_Driver/Src/stm32u5xx_ll_fmc.c" -mcpu=cortex-m33 -std=gnu11 -g3 -DDEBUG -DUSE_FULL_LL_DRIVER -DUSE_HAL_DRIVER -DSTM32U575xx -c -I"D:/wiznet/Workspace_Code/14_W5300/multi_W5300_bus_loopback/W5300_BUS_Test/Core/Inc" -I"D:/wiznet/Workspace_Code/14_W5300/multi_W5300_bus_loopback/W5300_BUS_Test/Drivers/STM32U5xx_HAL_Driver/Inc" -I"D:/wiznet/Workspace_Code/14_W5300/multi_W5300_bus_loopback/W5300_BUS_Test/Drivers/STM32U5xx_HAL_Driver/Inc/Legacy" -I"D:/wiznet/Workspace_Code/14_W5300/multi_W5300_bus_loopback/W5300_BUS_Test/Drivers/CMSIS/Device/ST/STM32U5xx/Include" -I"D:/wiznet/Workspace_Code/14_W5300/multi_W5300_bus_loopback/W5300_BUS_Test/Drivers/CMSIS/Include" -I"D:/wiznet/Workspace_Code/14_W5300/multi_W5300_bus_loopback/W5300_BUS_Test/Drivers/ioLibrary_Driver/Ethernet" -I"D:/wiznet/Workspace_Code/14_W5300/multi_W5300_bus_loopback/W5300_BUS_Test/Drivers/ioLibrary_Driver/Ethernet/W5300" -I"D:/wiznet/Workspace_Code/14_W5300/multi_W5300_bus_loopback/W5300_BUS_Test/Drivers/ioLibrary_Driver/Application/loopback" -I../Drivers/STM32U5xx_HAL_Driver/Inc -I../Drivers/STM32U5xx_HAL_Driver/Inc/Legacy -I../Drivers/CMSIS/Device/ST/STM32U5xx/Include -I../Drivers/CMSIS/Include -I../Core/Inc -Ofast -ffunction-sections -fdata-sections -Wall -fstack-usage -MMD -MP -MF"Drivers/STM32U5xx_HAL_Driver/Src/stm32u5xx_ll_fmc.d" -MT"Drivers/STM32U5xx_HAL_Driver/Src/stm32u5xx_ll_fmc.o" --specs=nano.specs -mfpu=fpv5-sp-d16 -mfloat-abi=hard -mthumb -o "Drivers/STM32U5xx_HAL_Driver/Src/stm32u5xx_ll_fmc.o"
arm-none-eabi-gcc "../Drivers/STM32U5xx_HAL_Driver/Src/stm32u5xx_ll_gpio.c" -mcpu=cortex-m33 -std=gnu11 -g3 -DDEBUG -DUSE_FULL_LL_DRIVER -DUSE_HAL_DRIVER -DSTM32U575xx -c -I"D:/wiznet/Workspace_Code/14_W5300/multi_W5300_bus_loopback/W5300_BUS_Test/Core/Inc" -I"D:/wiznet/Workspace_Code/14_W5300/multi_W5300_bus_loopback/W5300_BUS_Test/Drivers/STM32U5xx_HAL_Driver/Inc" -I"D:/wiznet/Workspace_Code/14_W5300/multi_W5300_bus_loopback/W5300_BUS_Test/Drivers/STM32U5xx_HAL_Driver/Inc/Legacy" -I"D:/wiznet/Workspace_Code/14_W5300/multi_W5300_bus_loopback/W5300_BUS_Test/Drivers/CMSIS/Device/ST/STM32U5xx/Include" -I"D:/wiznet/Workspace_Code/14_W5300/multi_W5300_bus_loopback/W5300_BUS_Test/Drivers/CMSIS/Include" -I"D:/wiznet/Workspace_Code/14_W5300/multi_W5300_bus_loopback/W5300_BUS_Test/Drivers/ioLibrary_Driver/Ethernet" -I"D:/wiznet/Workspace_Code/14_W5300/multi_W5300_bus_loopback/W5300_BUS_Test/Drivers/ioLibrary_Driver/Ethernet/W5300" -I"D:/wiznet/Workspace_Code/14_W5300/multi_W5300_bus_loopback/W5300_BUS_Test/Drivers/ioLibrary_Driver/Application/loopback" -I../Drivers/STM32U5xx_HAL_Driver/Inc -I../Drivers/STM32U5xx_HAL_Driver/Inc/Legacy -I../Drivers/CMSIS/Device/ST/STM32U5xx/Include -I../Drivers/CMSIS/Include -I../Core/Inc -Ofast -ffunction-sections -fdata-sections -Wall -fstack-usage -MMD -MP -MF"Drivers/STM32U5xx_HAL_Driver/Src/stm32u5xx_ll_gpio.d" -MT"Drivers/STM32U5xx_HAL_Driver/Src/stm32u5xx_ll_gpio.o" --specs=nano.specs -mfpu=fpv5-sp-d16 -mfloat-abi=hard -mthumb -o "Drivers/STM32U5xx_HAL_Driver/Src/stm32u5xx_ll_gpio.o"
arm-none-eabi-gcc "../Drivers/STM32U5xx_HAL_Driver/Src/stm32u5xx_ll_lpgpio.c" -mcpu=cortex-m33 -std=gnu11 -g3 -DDEBUG -DUSE_FULL_LL_DRIVER -DUSE_HAL_DRIVER -DSTM32U575xx -c -I"D:/wiznet/Workspace_Code/14_W5300/multi_W5300_bus_loopback/W5300_BUS_Test/Core/Inc" -I"D:/wiznet/Workspace_Code/14_W5300/multi_W5300_bus_loopback/W5300_BUS_Test/Drivers/STM32U5xx_HAL_Driver/Inc" -I"D:/wiznet/Workspace_Code/14_W5300/multi_W5300_bus_loopback/W5300_BUS_Test/Drivers/STM32U5xx_HAL_Driver/Inc/Legacy" -I"D:/wiznet/Workspace_Code/14_W5300/multi_W5300_bus_loopback/W5300_BUS_Test/Drivers/CMSIS/Device/ST/STM32U5xx/Include" -I"D:/wiznet/Workspace_Code/14_W5300/multi_W5300_bus_loopback/W5300_BUS_Test/Drivers/CMSIS/Include" -I"D:/wiznet/Workspace_Code/14_W5300/multi_W5300_bus_loopback/W5300_BUS_Test/Drivers/ioLibrary_Driver/Ethernet" -I"D:/wiznet/Workspace_Code/14_W5300/multi_W5300_bus_loopback/W5300_BUS_Test/Drivers/ioLibrary_Driver/Ethernet/W5300" -I"D:/wiznet/Workspace_Code/14_W5300/multi_W5300_bus_loopback/W5300_BUS_Test/Drivers/ioLibrary_Driver/Application/loopback" -I../Drivers/STM32U5xx_HAL_Driver/Inc -I../Drivers/STM32U5xx_HAL_Driver/Inc/Legacy -I../Drivers/CMSIS/Device/ST/STM32U5xx/Include -I../Drivers/CMSIS/Include -I../Core/Inc -Ofast -ffunction-sections -fdata-sections -Wall -fstack-usage -MMD -MP -MF"Drivers/STM32U5xx_HAL_Driver/Src/stm32u5xx_ll_lpgpio.d" -MT"Drivers/STM32U5xx_HAL_Driver/Src/stm32u5xx_ll_lpgpio.o" --specs=nano.specs -mfpu=fpv5-sp-d16 -mfloat-abi=hard -mthumb -o "Drivers/STM32U5xx_HAL_Driver/Src/stm32u5xx_ll_lpgpio.o"
arm-none-eabi-gcc "../Drivers/STM32U5xx_HAL_Driver/Src/stm32u5xx_ll_ucpd.c" -mcpu=cortex-m33 -std=gnu11 -g3 -DDEBUG -DUSE_FULL_LL_DRIVER -DUSE_HAL_DRIVER -DSTM32U575xx -c -I"D:/wiznet/Workspace_Code/14_W5300/multi_W5300_bus_loopback/W5300_BUS_Test/Core/Inc" -I"D:/wiznet/Workspace_Code/14_W5300/multi_W5300_bus_loopback/W5300_BUS_Test/Drivers/STM32U5xx_HAL_Driver/Inc" -I"D:/wiznet/Workspace_Code/14_W5300/multi_W5300_bus_loopback/W5300_BUS_Test/Drivers/STM32U5xx_HAL_Driver/Inc/Legacy" -I"D:/wiznet/Workspace_Code/14_W5300/multi_W5300_bus_loopback/W5300_BUS_Test/Drivers/CMSIS/Device/ST/STM32U5xx/Include" -I"D:/wiznet/Workspace_Code/14_W5300/multi_W5300_bus_loopback/W5300_BUS_Test/Drivers/CMSIS/Include" -I"D:/wiznet/Workspace_Code/14_W5300/multi_W5300_bus_loopback/W5300_BUS_Test/Drivers/ioLibrary_Driver/Ethernet" -I"D:/wiznet/Workspace_Code/14_W5300/multi_W5300_bus_loopback/W5300_BUS_Test/Drivers/ioLibrary_Driver/Ethernet/W5300" -I"D:/wiznet/Workspace_Code/14_W5300/multi_W5300_bus_loopback/W5300_BUS_Test/Drivers/ioLibrary_Driver/Application/loopback" -I../Drivers/STM32U5xx_HAL_Driver/Inc -I../Drivers/STM32U5xx_HAL_Driver/Inc/Legacy -I../Drivers/CMSIS/Device/ST/STM32U5xx/Include -I../Drivers/CMSIS/Include -I../Core/Inc -Ofast -ffunction-sections -fdata-sections -Wall -fstack-usage -MMD -MP -MF"Drivers/STM32U5xx_HAL_Driver/Src/stm32u5xx_ll_ucpd.d" -MT"Drivers/STM32U5xx_HAL_Driver/Src/stm32u5xx_ll_ucpd.o" --specs=nano.specs -mfpu=fpv5-sp-d16 -mfloat-abi=hard -mthumb -o "Drivers/STM32U5xx_HAL_Driver/Src/stm32u5xx_ll_ucpd.o"
arm-none-eabi-gcc "../Drivers/STM32U5xx_HAL_Driver/Src/stm32u5xx_ll_utils.c" -mcpu=cortex-m33 -std=gnu11 -g3 -DDEBUG -DUSE_FULL_LL_DRIVER -DUSE_HAL_DRIVER -DSTM32U575xx -c -I"D:/wiznet/Workspace_Code/14_W5300/multi_W5300_bus_loopback/W5300_BUS_Test/Core/Inc" -I"D:/wiznet/Workspace_Code/14_W5300/multi_W5300_bus_loopback/W5300_BUS_Test/Drivers/STM32U5xx_HAL_Driver/Inc" -I"D:/wiznet/Workspace_Code/14_W5300/multi_W5300_bus_loopback/W5300_BUS_Test/Drivers/STM32U5xx_HAL_Driver/Inc/Legacy" -I"D:/wiznet/Workspace_Code/14_W5300/multi_W5300_bus_loopback/W5300_BUS_Test/Drivers/CMSIS/Device/ST/STM32U5xx/Include" -I"D:/wiznet/Workspace_Code/14_W5300/multi_W5300_bus_loopback/W5300_BUS_Test/Drivers/CMSIS/Include" -I"D:/wiznet/Workspace_Code/14_W5300/multi_W5300_bus_loopback/W5300_BUS_Test/Drivers/ioLibrary_Driver/Ethernet" -I"D:/wiznet/Workspace_Code/14_W5300/multi_W5300_bus_loopback/W5300_BUS_Test/Drivers/ioLibrary_Driver/Ethernet/W5300" -I"D:/wiznet/Workspace_Code/14_W5300/multi_W5300_bus_loopback/W5300_BUS_Test/Drivers/ioLibrary_Driver/Application/loopback" -I../Drivers/STM32U5xx_HAL_Driver/Inc -I../Drivers/STM32U5xx_HAL_Driver/Inc/Legacy -I../Drivers/CMSIS/Device/ST/STM32U5xx/Include -I../Drivers/CMSIS/Include -I../Core/Inc -Ofast -ffunction-sections -fdata-sections -Wall -fstack-usage -MMD -MP -MF"Drivers/STM32U5xx_HAL_Driver/Src/stm32u5xx_ll_utils.d" -MT"Drivers/STM32U5xx_HAL_Driver/Src/stm32u5xx_ll_utils.o" --specs=nano.specs -mfpu=fpv5-sp-d16 -mfloat-abi=hard -mthumb -o "Drivers/STM32U5xx_HAL_Driver/Src/stm32u5xx_ll_utils.o"
arm-none-eabi-gcc "../Core/Src/main.c" -mcpu=cortex-m33 -std=gnu11 -g3 -DDEBUG -DUSE_FULL_LL_DRIVER -DUSE_HAL_DRIVER -DSTM32U575xx -c -I"D:/wiznet/Workspace_Code/14_W5300/multi_W5300_bus_loopback/W5300_BUS_Test/Core/Inc" -I"D:/wiznet/Workspace_Code/14_W5300/multi_W5300_bus_loopback/W5300_BUS_Test/Drivers/STM32U5xx_HAL_Driver/Inc" -I"D:/wiznet/Workspace_Code/14_W5300/multi_W5300_bus_loopback/W5300_BUS_Test/Drivers/STM32U5xx_HAL_Driver/Inc/Legacy" -I"D:/wiznet/Workspace_Code/14_W5300/multi_W5300_bus_loopback/W5300_BUS_Test/Drivers/CMSIS/Device/ST/STM32U5xx/Include" -I"D:/wiznet/Workspace_Code/14_W5300/multi_W5300_bus_loopback/W5300_BUS_Test/Drivers/CMSIS/Include" -I"D:/wiznet/Workspace_Code/14_W5300/multi_W5300_bus_loopback/W5300_BUS_Test/Drivers/ioLibrary_Driver/Ethernet" -I"D:/wiznet/Workspace_Code/14_W5300/multi_W5300_bus_loopback/W5300_BUS_Test/Drivers/ioLibrary_Driver/Ethernet/W5300" -I"D:/wiznet/Workspace_Code/14_W5300/multi_W5300_bus_loopback/W5300_BUS_Test/Drivers/ioLibrary_Driver/Application/loopback" -I../Drivers/STM32U5xx_HAL_Driver/Inc -I../Drivers/STM32U5xx_HAL_Driver/Inc/Legacy -I../Drivers/CMSIS/Device/ST/STM32U5xx/Include -I../Drivers/CMSIS/Include -I../Core/Inc -Ofast -ffunction-sections -fdata-sections -Wall -fstack-usage -MMD -MP -MF"Core/Src/main.d" -MT"Core/Src/main.o" --specs=nano.specs -mfpu=fpv5-sp-d16 -mfloat-abi=hard -mthumb -o "Core/Src/main.o"
arm-none-eabi-gcc "../Core/Src/stm32u5xx_hal_msp.c" -mcpu=cortex-m33 -std=gnu11 -g3 -DDEBUG -DUSE_FULL_LL_DRIVER -DUSE_HAL_DRIVER -DSTM32U575xx -c -I"D:/wiznet/Workspace_Code/14_W5300/multi_W5300_bus_loopback/W5300_BUS_Test/Core/Inc" -I"D:/wiznet/Workspace_Code/14_W5300/multi_W5300_bus_loopback/W5300_BUS_Test/Drivers/STM32U5xx_HAL_Driver/Inc" -I"D:/wiznet/Workspace_Code/14_W5300/multi_W5300_bus_loopback/W5300_BUS_Test/Drivers/STM32U5xx_HAL_Driver/Inc/Legacy" -I"D:/wiznet/Workspace_Code/14_W5300/multi_W5300_bus_loopback/W5300_BUS_Test/Drivers/CMSIS/Device/ST/STM32U5xx/Include" -I"D:/wiznet/Workspace_Code/14_W5300/multi_W5300_bus_loopback/W5300_BUS_Test/Drivers/CMSIS/Include" -I"D:/wiznet/Workspace_Code/14_W5300/multi_W5300_bus_loopback/W5300_BUS_Test/Drivers/ioLibrary_Driver/Ethernet" -I"D:/wiznet/Workspace_Code/14_W5300/multi_W5300_bus_loopback/W5300_BUS_Test/Drivers/ioLibrary_Driver/Ethernet/W5300" -I"D:/wiznet/Workspace_Code/14_W5300/multi_W5300_bus_loopback/W5300_BUS_Test/Drivers/ioLibrary_Driver/Application/loopback" -I../Drivers/STM32U5xx_HAL_Driver/Inc -I../Drivers/STM32U5xx_HAL_Driver/Inc/Legacy -I../Drivers/CMSIS/Device/ST/STM32U5xx/Include -I../Drivers/CMSIS/Include -I../Core/Inc -Ofast -ffunction-sections -fdata-sections -Wall -fstack-usage -MMD -MP -MF"Core/Src/stm32u5xx_hal_msp.d" -MT"Core/Src/stm32u5xx_hal_msp.o" --specs=nano.specs -mfpu=fpv5-sp-d16 -mfloat-abi=hard -mthumb -o "Core/Src/stm32u5xx_hal_msp.o"
arm-none-eabi-gcc "../Core/Src/stm32u5xx_it.c" -mcpu=cortex-m33 -std=gnu11 -g3 -DDEBUG -DUSE_FULL_LL_DRIVER -DUSE_HAL_DRIVER -DSTM32U575xx -c -I"D:/wiznet/Workspace_Code/14_W5300/multi_W5300_bus_loopback/W5300_BUS_Test/Core/Inc" -I"D:/wiznet/Workspace_Code/14_W5300/multi_W5300_bus_loopback/W5300_BUS_Test/Drivers/STM32U5xx_HAL_Driver/Inc" -I"D:/wiznet/Workspace_Code/14_W5300/multi_W5300_bus_loopback/W5300_BUS_Test/Drivers/STM32U5xx_HAL_Driver/Inc/Legacy" -I"D:/wiznet/Workspace_Code/14_W5300/multi_W5300_bus_loopback/W5300_BUS_Test/Drivers/CMSIS/Device/ST/STM32U5xx/Include" -I"D:/wiznet/Workspace_Code/14_W5300/multi_W5300_bus_loopback/W5300_BUS_Test/Drivers/CMSIS/Include" -I"D:/wiznet/Workspace_Code/14_W5300/multi_W5300_bus_loopback/W5300_BUS_Test/Drivers/ioLibrary_Driver/Ethernet" -I"D:/wiznet/Workspace_Code/14_W5300/multi_W5300_bus_loopback/W5300_BUS_Test/Drivers/ioLibrary_Driver/Ethernet/W5300" -I"D:/wiznet/Workspace_Code/14_W5300/multi_W5300_bus_loopback/W5300_BUS_Test/Drivers/ioLibrary_Driver/Application/loopback" -I../Drivers/STM32U5xx_HAL_Driver/Inc -I../Drivers/STM32U5xx_HAL_Driver/Inc/Legacy -I../Drivers/CMSIS/Device/ST/STM32U5xx/Include -I../Drivers/CMSIS/Include -I../Core/Inc -Ofast -ffunction-sections -fdata-sections -Wall -fstack-usage -MMD -MP -MF"Core/Src/stm32u5xx_it.d" -MT"Core/Src/stm32u5xx_it.o" --specs=nano.specs -mfpu=fpv5-sp-d16 -mfloat-abi=hard -mthumb -o "Core/Src/stm32u5xx_it.o"
arm-none-eabi-gcc "../Core/Src/system_stm32u5xx.c" -mcpu=cortex-m33 -std=gnu11 -g3 -DDEBUG -DUSE_FULL_LL_DRIVER -DUSE_HAL_DRIVER -DSTM32U575xx -c -I"D:/wiznet/Workspace_Code/14_W5300/multi_W5300_bus_loopback/W5300_BUS_Test/Core/Inc" -I"D:/wiznet/Workspace_Code/14_W5300/multi_W5300_bus_loopback/W5300_BUS_Test/Drivers/STM32U5xx_HAL_Driver/Inc" -I"D:/wiznet/Workspace_Code/14_W5300/multi_W5300_bus_loopback/W5300_BUS_Test/Drivers/STM32U5xx_HAL_Driver/Inc/Legacy" -I"D:/wiznet/Workspace_Code/14_W5300/multi_W5300_bus_loopback/W5300_BUS_Test/Drivers/CMSIS/Device/ST/STM32U5xx/Include" -I"D:/wiznet/Workspace_Code/14_W5300/multi_W5300_bus_loopback/W5300_BUS_Test/Drivers/CMSIS/Include" -I"D:/wiznet/Workspace_Code/14_W5300/multi_W5300_bus_loopback/W5300_BUS_Test/Drivers/ioLibrary_Driver/Ethernet" -I"D:/wiznet/Workspace_Code/14_W5300/multi_W5300_bus_loopback/W5300_BUS_Test/Drivers/ioLibrary_Driver/Ethernet/W5300" -I"D:/wiznet/Workspace_Code/14_W5300/multi_W5300_bus_loopback/W5300_BUS_Test/Drivers/ioLibrary_Driver/Application/loopback" -I../Drivers/STM32U5xx_HAL_Driver/Inc -I../Drivers/STM32U5xx_HAL_Driver/Inc/Legacy -I../Drivers/CMSIS/Device/ST/STM32U5xx/Include -I../Drivers/CMSIS/Include -I../Core/Inc -Ofast -ffunction-sections -fdata-sections -Wall -fstack-usage -MMD -MP -MF"Core/Src/system_stm32u5xx.d" -MT"Core/Src/system_stm32u5xx.o" --specs=nano.specs -mfpu=fpv5-sp-d16 -mfloat-abi=hard -mthumb -o "Core/Src/system_stm32u5xx.o"
../Core/Src/main.c: In function 'print_network_information':
../Core/Src/main.c:169:5: warning: implicit declaration of function 'printf' [-Wimplicit-function-declaration]
  169 |     printf("Mac address: %02x:%02x:%02x:%02x:%02x:%02x\n\r",gWIZNETINFO.mac[0],gWIZNETINFO.mac[1],gWIZNETINFO.mac[2],gWIZNETINFO.mac[3],gWIZNETINFO.mac[4],gWIZNETINFO.mac[5]);
      |     ^~~~~~
../Core/Src/main.c:169:5: warning: incompatible implicit declaration of built-in function 'printf'
../Core/Src/main.c:28:1: note: include '<stdio.h>' or provide a declaration of 'printf'
   27 | #include "loopback.h"
  +++ |+#include <stdio.h>
   28 | /* USER CODE END Includes */
../Core/Src/main.c: In function '_InitW5300':
../Core/Src/main.c:190:2: warning: incompatible implicit declaration of built-in function 'printf'
  190 |  printf("getMR(0x%x) = %04X\r\n",W5300_BANK_ADDR1,  getMR(W5300_BANK_ADDR1));
      |  ^~~~~~
../Core/Src/main.c:190:2: note: include '<stdio.h>' or provide a declaration of 'printf'
../Core/Src/main.c:190:19: warning: format '%x' expects argument of type 'unsigned int', but argument 2 has type 'long unsigned int' [-Wformat=]
  190 |  printf("getMR(0x%x) = %04X\r\n",W5300_BANK_ADDR1,  getMR(W5300_BANK_ADDR1));
      |                  ~^
      |                   |
      |                   unsigned int
      |                  %lx
../Core/Src/main.c:192:19: warning: format '%x' expects argument of type 'unsigned int', but argument 2 has type 'long unsigned int' [-Wformat=]
  192 |  printf("getMR(0x%x) = %04X\r\n",W5300_BANK_ADDR3,  getMR(W5300_BANK_ADDR3));
      |                  ~^
      |                   |
      |                   unsigned int
      |                  %lx
../Core/Src/main.c:184:15: warning: unused variable 'tmpaddr' [-Wunused-variable]
  184 |  unsigned int tmpaddr[4];
      |               ^~~~~~~
../Core/Src/main.c: In function 'main':
../Core/Src/main.c:257:3: warning: incompatible implicit declaration of built-in function 'printf'
  257 |   printf("Hello! W5300 BUS loopback System \r\n");
      |   ^~~~~~
../Core/Src/main.c:257:3: note: include '<stdio.h>' or provide a declaration of 'printf'
arm-none-eabi-gcc -o "W5300_BUS_Test.elf" @"objects.list"   -mcpu=cortex-m33 -T"D:\wiznet\Workspace_Code\14_W5300\multi_W5300_bus_loopback\W5300_BUS_Test\STM32U575ZITXQ_FLASH.ld" --specs=nosys.specs -Wl,-Map="W5300_BUS_Test.map" -Wl,--gc-sections -static --specs=nano.specs -mfpu=fpv5-sp-d16 -mfloat-abi=hard -mthumb -Wl,--start-group -lc -lm -Wl,--end-group
Finished building target: W5300_BUS_Test.elf
 
arm-none-eabi-size   W5300_BUS_Test.elf 
arm-none-eabi-objdump -h -S  W5300_BUS_Test.elf  > "W5300_BUS_Test.list"
   text	   data	    bss	    dec	    hex	filename
  32015	    232	   6248	  38495	   965f	W5300_BUS_Test.elf
Finished building: default.size.stdout
 
Finished building: W5300_BUS_Test.list
 
